###############################################################################
#
# IAR ELF Linker V7.50.2.10312/W32 for ARM                04/Feb/2018  10:17:50
# Copyright 2007-2015 IAR Systems AB.
#
#    Output file  =  
#        C:\Users\William
#        Trevine\Documents\GitHub\FIRMWARE-CUBO-PROTOBOARD\EWARM\CUBO\Exe\CUBO.out
#    Map file     =  
#        C:\Users\William
#        Trevine\Documents\GitHub\FIRMWARE-CUBO-PROTOBOARD\EWARM\CUBO\List\CUBO.map
#    Command line =  
#        "C:\Users\William
#        Trevine\Documents\GitHub\FIRMWARE-CUBO-PROTOBOARD\EWARM\CUBO\Obj\adc.o"
#        "C:\Users\William
#        Trevine\Documents\GitHub\FIRMWARE-CUBO-PROTOBOARD\EWARM\CUBO\Obj\cmsis_os.o"
#        "C:\Users\William
#        Trevine\Documents\GitHub\FIRMWARE-CUBO-PROTOBOARD\EWARM\CUBO\Obj\croutine.o"
#        "C:\Users\William
#        Trevine\Documents\GitHub\FIRMWARE-CUBO-PROTOBOARD\EWARM\CUBO\Obj\dma.o"
#        "C:\Users\William
#        Trevine\Documents\GitHub\FIRMWARE-CUBO-PROTOBOARD\EWARM\CUBO\Obj\event_groups.o"
#        "C:\Users\William
#        Trevine\Documents\GitHub\FIRMWARE-CUBO-PROTOBOARD\EWARM\CUBO\Obj\fontes.o"
#        "C:\Users\William
#        Trevine\Documents\GitHub\FIRMWARE-CUBO-PROTOBOARD\EWARM\CUBO\Obj\freertos.o"
#        "C:\Users\William
#        Trevine\Documents\GitHub\FIRMWARE-CUBO-PROTOBOARD\EWARM\CUBO\Obj\gpio.o"
#        "C:\Users\William
#        Trevine\Documents\GitHub\FIRMWARE-CUBO-PROTOBOARD\EWARM\CUBO\Obj\heap_4.o"
#        "C:\Users\William
#        Trevine\Documents\GitHub\FIRMWARE-CUBO-PROTOBOARD\EWARM\CUBO\Obj\i2c.o"
#        "C:\Users\William
#        Trevine\Documents\GitHub\FIRMWARE-CUBO-PROTOBOARD\EWARM\CUBO\Obj\list.o"
#        "C:\Users\William
#        Trevine\Documents\GitHub\FIRMWARE-CUBO-PROTOBOARD\EWARM\CUBO\Obj\main.o"
#        "C:\Users\William
#        Trevine\Documents\GitHub\FIRMWARE-CUBO-PROTOBOARD\EWARM\CUBO\Obj\port.o"
#        "C:\Users\William
#        Trevine\Documents\GitHub\FIRMWARE-CUBO-PROTOBOARD\EWARM\CUBO\Obj\portasm.o"
#        "C:\Users\William
#        Trevine\Documents\GitHub\FIRMWARE-CUBO-PROTOBOARD\EWARM\CUBO\Obj\queue.o"
#        "C:\Users\William
#        Trevine\Documents\GitHub\FIRMWARE-CUBO-PROTOBOARD\EWARM\CUBO\Obj\rtc.o"
#        "C:\Users\William
#        Trevine\Documents\GitHub\FIRMWARE-CUBO-PROTOBOARD\EWARM\CUBO\Obj\spi.o"
#        "C:\Users\William
#        Trevine\Documents\GitHub\FIRMWARE-CUBO-PROTOBOARD\EWARM\CUBO\Obj\ssd1306.o"
#        "C:\Users\William
#        Trevine\Documents\GitHub\FIRMWARE-CUBO-PROTOBOARD\EWARM\CUBO\Obj\startup_stm32f103xb.o"
#        "C:\Users\William
#        Trevine\Documents\GitHub\FIRMWARE-CUBO-PROTOBOARD\EWARM\CUBO\Obj\stm32f1xx_hal.o"
#        "C:\Users\William
#        Trevine\Documents\GitHub\FIRMWARE-CUBO-PROTOBOARD\EWARM\CUBO\Obj\stm32f1xx_hal_adc.o"
#        "C:\Users\William
#        Trevine\Documents\GitHub\FIRMWARE-CUBO-PROTOBOARD\EWARM\CUBO\Obj\stm32f1xx_hal_adc_ex.o"
#        "C:\Users\William
#        Trevine\Documents\GitHub\FIRMWARE-CUBO-PROTOBOARD\EWARM\CUBO\Obj\stm32f1xx_hal_cortex.o"
#        "C:\Users\William
#        Trevine\Documents\GitHub\FIRMWARE-CUBO-PROTOBOARD\EWARM\CUBO\Obj\stm32f1xx_hal_dma.o"
#        "C:\Users\William
#        Trevine\Documents\GitHub\FIRMWARE-CUBO-PROTOBOARD\EWARM\CUBO\Obj\stm32f1xx_hal_flash.o"
#        "C:\Users\William
#        Trevine\Documents\GitHub\FIRMWARE-CUBO-PROTOBOARD\EWARM\CUBO\Obj\stm32f1xx_hal_flash_ex.o"
#        "C:\Users\William
#        Trevine\Documents\GitHub\FIRMWARE-CUBO-PROTOBOARD\EWARM\CUBO\Obj\stm32f1xx_hal_gpio.o"
#        "C:\Users\William
#        Trevine\Documents\GitHub\FIRMWARE-CUBO-PROTOBOARD\EWARM\CUBO\Obj\stm32f1xx_hal_gpio_ex.o"
#        "C:\Users\William
#        Trevine\Documents\GitHub\FIRMWARE-CUBO-PROTOBOARD\EWARM\CUBO\Obj\stm32f1xx_hal_i2c.o"
#        "C:\Users\William
#        Trevine\Documents\GitHub\FIRMWARE-CUBO-PROTOBOARD\EWARM\CUBO\Obj\stm32f1xx_hal_msp.o"
#        "C:\Users\William
#        Trevine\Documents\GitHub\FIRMWARE-CUBO-PROTOBOARD\EWARM\CUBO\Obj\stm32f1xx_hal_pwr.o"
#        "C:\Users\William
#        Trevine\Documents\GitHub\FIRMWARE-CUBO-PROTOBOARD\EWARM\CUBO\Obj\stm32f1xx_hal_rcc.o"
#        "C:\Users\William
#        Trevine\Documents\GitHub\FIRMWARE-CUBO-PROTOBOARD\EWARM\CUBO\Obj\stm32f1xx_hal_rcc_ex.o"
#        "C:\Users\William
#        Trevine\Documents\GitHub\FIRMWARE-CUBO-PROTOBOARD\EWARM\CUBO\Obj\stm32f1xx_hal_rtc.o"
#        "C:\Users\William
#        Trevine\Documents\GitHub\FIRMWARE-CUBO-PROTOBOARD\EWARM\CUBO\Obj\stm32f1xx_hal_rtc_ex.o"
#        "C:\Users\William
#        Trevine\Documents\GitHub\FIRMWARE-CUBO-PROTOBOARD\EWARM\CUBO\Obj\stm32f1xx_hal_spi.o"
#        "C:\Users\William
#        Trevine\Documents\GitHub\FIRMWARE-CUBO-PROTOBOARD\EWARM\CUBO\Obj\stm32f1xx_hal_spi_ex.o"
#        "C:\Users\William
#        Trevine\Documents\GitHub\FIRMWARE-CUBO-PROTOBOARD\EWARM\CUBO\Obj\stm32f1xx_hal_tim.o"
#        "C:\Users\William
#        Trevine\Documents\GitHub\FIRMWARE-CUBO-PROTOBOARD\EWARM\CUBO\Obj\stm32f1xx_hal_tim_ex.o"
#        "C:\Users\William
#        Trevine\Documents\GitHub\FIRMWARE-CUBO-PROTOBOARD\EWARM\CUBO\Obj\stm32f1xx_hal_uart.o"
#        "C:\Users\William
#        Trevine\Documents\GitHub\FIRMWARE-CUBO-PROTOBOARD\EWARM\CUBO\Obj\stm32f1xx_it.o"
#        "C:\Users\William
#        Trevine\Documents\GitHub\FIRMWARE-CUBO-PROTOBOARD\EWARM\CUBO\Obj\system_stm32f1xx.o"
#        "C:\Users\William
#        Trevine\Documents\GitHub\FIRMWARE-CUBO-PROTOBOARD\EWARM\CUBO\Obj\tasks.o"
#        "C:\Users\William
#        Trevine\Documents\GitHub\FIRMWARE-CUBO-PROTOBOARD\EWARM\CUBO\Obj\timers.o"
#        "C:\Users\William
#        Trevine\Documents\GitHub\FIRMWARE-CUBO-PROTOBOARD\EWARM\CUBO\Obj\usart.o"
#        --redirect _Printf=_PrintfFull --redirect _Scanf=_ScanfFull -o
#        "C:\Users\William
#        Trevine\Documents\GitHub\FIRMWARE-CUBO-PROTOBOARD\EWARM\CUBO\Exe\CUBO.out"
#        --map "C:\Users\William
#        Trevine\Documents\GitHub\FIRMWARE-CUBO-PROTOBOARD\EWARM\CUBO\List\CUBO.map"
#        --config "C:\Users\William
#        Trevine\Documents\GitHub\FIRMWARE-CUBO-PROTOBOARD\EWARM/stm32f103xb_flash.icf"
#        --semihosting --entry __iar_program_start --vfe
#
###############################################################################

*******************************************************************************
*** RUNTIME MODEL ATTRIBUTES
***

CppFlavor                     = *
__Heap_Handler                = Basic
__SystemLibrary               = DLib
__dlib_dynamic_initialization = normal


*******************************************************************************
*** PLACEMENT SUMMARY
***

"A1":  place at 0x08000000 { ro section .intvec };
"P1":  place in [from 0x08000000 to 0x0801ffff] { ro };
"P2":  place in [from 0x20000000 to 0x20004fff] { rw, block CSTACK, block HEAP };

  Section             Kind        Address    Size  Object
  -------             ----        -------    ----  ------
"A1":                                        0xec
  .intvec             ro code  0x08000000    0xec  startup_stm32f103xb.o [1]
                             - 0x080000ec    0xec

"P1":                                      0x7b2c
  .text               ro code  0x080000ec  0x1166  xprintffull.o [3]
  .text               ro code  0x08001252    0x20  xmbtowc.o [3]
  .text               ro code  0x08001272     0xa  xsprout.o [3]
  .text               ro code  0x0800127c    0x16  strchr.o [5]
  .rodata             const    0x08001292     0x2  stm32f1xx_hal_rcc.o [1]
  .text               ro code  0x08001294    0x36  strlen.o [5]
  .rodata             const    0x080012ca     0x2  stm32f1xx_hal_rcc_ex.o [1]
  .text               ro code  0x080012cc    0x58  memchr.o [5]
  .text               ro code  0x08001324     0xa  xmbcurmax.o [3]
  .text               ro code  0x08001330    0xb0  xxmemxmalloc.o [3]
  .text               ro code  0x080013e0    0x1a  xwctomb.o [3]
  .text               ro code  0x080013fc    0x76  ABImemcpy_unaligned.o [5]
  .text               ro code  0x08001474    0x80  xxmemxfree.o [3]
  .text               ro code  0x080014f4    0xee  I64DivMod.o [5]
  .text               ro code  0x080015e2    0x42  xdnorm.o [4]
  .text               ro code  0x08001624    0x2e  DblCmpLe.o [4]
  .text               ro code  0x08001654    0x2e  DblCmpGe.o [4]
  .text               ro code  0x08001684   0x10c  xdscale.o [4]
  .text               ro code  0x08001790    0x58  DblToI32.o [4]
  .text               ro code  0x080017e8    0x30  I32ToDbl.o [4]
  .text               ro code  0x08001818   0x180  DblSub.o [4]
  .text               ro code  0x08001998   0x1a2  DblMul.o [4]
  .text               ro code  0x08001b3c   0x256  DblDiv.o [4]
  .text               ro code  0x08001d94    0x6c  localeconv.o [3]
  .text               ro code  0x08001e00     0xe  div.o [3]
  .text               ro code  0x08001e10    0x14  setlocale.o [3]
  .text               ro code  0x08001e24    0x60  xencoding_sb.o [3]
  .text               ro code  0x08001e84    0x2c  xgetmemchunk.o [3]
  .text               ro code  0x08001eb0     0x2  I64DivZer.o [5]
  .text               ro code  0x08001eb4    0xd4  DblAdd.o [4]
  .text               ro code  0x08001f88     0x2  xtls.o [3]
  .text               ro code  0x08001f8c   0x81a  stm32f1xx_hal_i2c.o [1]
  .text               ro code  0x080027a8    0xa4  i2c.o [1]
  .text               ro code  0x0800284c   0x6ec  stm32f1xx_hal_rcc.o [1]
  .text               ro code  0x08002f38    0x64  stm32f1xx_hal.o [1]
  .text               ro code  0x08002f9c   0x102  main.o [1]
  .text               ro code  0x080030a0   0x310  stm32f1xx_hal_gpio.o [1]
  .text               ro code  0x080033b0   0x15c  stm32f1xx_hal_cortex.o [1]
  .text               ro code  0x0800350c    0x98  stm32f1xx_hal_msp.o [1]
  .text               ro code  0x080035a4    0xe0  gpio.o [1]
  .text               ro code  0x08003684    0x30  dma.o [1]
  .text               ro code  0x080036b4   0x140  adc.o [1]
  .text               ro code  0x080037f4    0xf8  rtc.o [1]
  .text               ro code  0x080038ec    0xb8  spi.o [1]
  .text               ro code  0x080039a4    0xb0  usart.o [1]
  .text               ro code  0x08003a54   0x540  ssd1306.o [1]
  .text               ro code  0x08003f94    0xf0  stm32f1xx_hal_adc_ex.o [1]
  .text               ro code  0x08004084   0x566  stm32f1xx_hal_adc.o [1]
  .text               ro code  0x080045ec   0x180  freertos.o [1]
  .text               ro code  0x0800476c    0x76  cmsis_os.o [1]
  .text               ro code  0x080047e4   0x244  stm32f1xx_hal_rcc_ex.o [1]
  .text               ro code  0x08004a28   0x2cc  stm32f1xx_hal_dma.o [1]
  .text               ro code  0x08004cf4   0x4dc  stm32f1xx_hal_rtc.o [1]
  .text               ro code  0x080051d0    0x7c  stm32f1xx_hal_rtc_ex.o [1]
  .text               ro code  0x0800524c     0xc  stm32f1xx_hal_pwr.o [1]
  .text               ro code  0x08005258    0x8a  stm32f1xx_hal_spi_ex.o [1]
  .text               ro code  0x080052e4   0x218  stm32f1xx_hal_uart.o [1]
  .text               ro code  0x080054fc   0x288  stm32f1xx_hal_spi.o [1]
  .text               ro code  0x08005784    0x66  ABImemset.o [5]
  .text               ro code  0x080057ec    0x1e  I32ToFlt.o [4]
  .text               ro code  0x0800580c    0x4e  FltToDbl.o [4]
  .text               ro code  0x0800585c    0x90  DblToFlt.o [4]
  .text               ro code  0x080058ec    0xd8  FltMul.o [4]
  .text               ro code  0x080059c4    0xfc  FltDiv.o [4]
  .text               ro code  0x08005ac0    0x34  sprintf.o [3]
  .text               ro code  0x08005af4   0x7c8  tasks.o [1]
  .text               ro code  0x080062bc   0x1a4  port.o [1]
  .text               ro code  0x08006460   0x280  heap_4.o [1]
  .text               ro code  0x080066e0    0x9e  list.o [1]
  CODE                ro code  0x08006780    0x88  portasm.o [1]
  .rodata             const    0x08006808   0x464  fontes.o [1]
  .rodata             const    0x08006c6c   0x354  fontes.o [1]
  .rodata             const    0x08006fc0   0x244  fontes.o [1]
  .rodata             const    0x08007204   0x20c  fontes.o [1]
  .rodata             const    0x08007410   0x178  fontes.o [1]
  .rodata             const    0x08007588   0x15c  fontes.o [1]
  .text               ro code  0x080076e4    0x68  system_stm32f1xx.o [1]
  .rodata             const    0x0800774c    0x50  main.o [1]
  .rodata             const    0x0800779c    0x50  usart.o [1]
  .rodata             const    0x080077ec    0x4c  adc.o [1]
  .rodata             const    0x08007838    0x4c  i2c.o [1]
  .rodata             const    0x08007884    0x4c  rtc.o [1]
  .rodata             const    0x080078d0    0x4c  spi.o [1]
  .text               ro code  0x0800791c    0x40  zero_init3.o [5]
  .text               ro code  0x0800795c    0x38  packbits_init_single.o [5]
  .text               ro code  0x08007994    0x34  stm32f1xx_it.o [1]
  .rodata             const    0x080079c8    0x2c  fontes.o [1]
  .text               ro code  0x080079f4    0x28  data_init.o [5]
  .iar.init_table     const    0x08007a1c    0x20  - Linker created -
  .text               ro code  0x08007a3c    0x1a  cmain.o [5]
  .text               ro code  0x08007a56     0x4  low_level_init.o [3]
  .text               ro code  0x08007a5a     0x4  exit.o [3]
  .text               ro code  0x08007a60     0xa  cexit.o [5]
  .text               ro code  0x08007a6c    0x14  exit.o [6]
  .rodata             const    0x08007a80    0x14  freertos.o [1]
  .rodata             const    0x08007a94    0x10  stm32f1xx_hal_rcc.o [1]
  .rodata             const    0x08007aa4    0x10  stm32f1xx_hal_rcc_ex.o [1]
  .rodata             const    0x08007ab4    0x10  system_stm32f1xx.o [1]
  .text               ro code  0x08007ac4    0x10  startup_stm32f103xb.o [1]
  .rodata             const    0x08007ad4     0xc  freertos.o [1]
  .text               ro code  0x08007ae0     0xc  cstartup_M.o [5]
  .rodata             const    0x08007aec     0x8  freertos.o [1]
  .rodata             const    0x08007af4     0x8  freertos.o [1]
  .rodata             const    0x08007afc     0x8  freertos.o [1]
  .rodata             const    0x08007b04     0x8  freertos.o [1]
  .rodata             const    0x08007b0c     0x8  freertos.o [1]
  .rodata             const    0x08007b14     0x8  system_stm32f1xx.o [1]
  .rodata             const    0x08007b1c     0x8  tasks.o [1]
  .rodata             const    0x08007b24     0x4  fontes.o [1]
  .rodata             const    0x08007b28     0x4  fontes.o [1]
  .rodata             const    0x08007b2c     0x4  fontes.o [1]
  .rodata             const    0x08007b30     0x4  heap_4.o [1]
  .rodata             const    0x08007b34     0x4  ssd1306.o [1]
  .rodata             const    0x08007b38     0x4  ssd1306.o [1]
  .text               ro code  0x08007b3c     0x4  startup_stm32f103xb.o [1]
  .text               ro code  0x08007b40     0x4  startup_stm32f103xb.o [1]
  .text               ro code  0x08007b44     0x4  startup_stm32f103xb.o [1]
  .text               ro code  0x08007b48     0x4  startup_stm32f103xb.o [1]
  .text               ro code  0x08007b4c     0x4  startup_stm32f103xb.o [1]
  .text               ro code  0x08007b50     0x4  startup_stm32f103xb.o [1]
  .text               ro code  0x08007b54     0x4  startup_stm32f103xb.o [1]
  .text               ro code  0x08007b58     0x4  startup_stm32f103xb.o [1]
  .text               ro code  0x08007b5c     0x4  startup_stm32f103xb.o [1]
  .text               ro code  0x08007b60     0x4  startup_stm32f103xb.o [1]
  .text               ro code  0x08007b64     0x4  startup_stm32f103xb.o [1]
  .text               ro code  0x08007b68     0x4  startup_stm32f103xb.o [1]
  .text               ro code  0x08007b6c     0x4  startup_stm32f103xb.o [1]
  .text               ro code  0x08007b70     0x4  startup_stm32f103xb.o [1]
  .text               ro code  0x08007b74     0x4  startup_stm32f103xb.o [1]
  .text               ro code  0x08007b78     0x4  startup_stm32f103xb.o [1]
  .text               ro code  0x08007b7c     0x4  startup_stm32f103xb.o [1]
  .text               ro code  0x08007b80     0x4  startup_stm32f103xb.o [1]
  .text               ro code  0x08007b84     0x4  startup_stm32f103xb.o [1]
  .text               ro code  0x08007b88     0x4  startup_stm32f103xb.o [1]
  .text               ro code  0x08007b8c     0x4  startup_stm32f103xb.o [1]
  .text               ro code  0x08007b90     0x4  startup_stm32f103xb.o [1]
  .text               ro code  0x08007b94     0x4  startup_stm32f103xb.o [1]
  .text               ro code  0x08007b98     0x4  startup_stm32f103xb.o [1]
  .text               ro code  0x08007b9c     0x4  startup_stm32f103xb.o [1]
  .text               ro code  0x08007ba0     0x4  startup_stm32f103xb.o [1]
  .text               ro code  0x08007ba4     0x4  startup_stm32f103xb.o [1]
  .text               ro code  0x08007ba8     0x4  startup_stm32f103xb.o [1]
  .text               ro code  0x08007bac     0x4  startup_stm32f103xb.o [1]
  .text               ro code  0x08007bb0     0x4  startup_stm32f103xb.o [1]
  .text               ro code  0x08007bb4     0x4  startup_stm32f103xb.o [1]
  .text               ro code  0x08007bb8     0x4  startup_stm32f103xb.o [1]
  .text               ro code  0x08007bbc     0x4  startup_stm32f103xb.o [1]
  .text               ro code  0x08007bc0     0x4  startup_stm32f103xb.o [1]
  .text               ro code  0x08007bc4     0x4  startup_stm32f103xb.o [1]
  .text               ro code  0x08007bc8     0x4  startup_stm32f103xb.o [1]
  .text               ro code  0x08007bcc     0x4  startup_stm32f103xb.o [1]
  .text               ro code  0x08007bd0     0x4  startup_stm32f103xb.o [1]
  .text               ro code  0x08007bd4     0x4  startup_stm32f103xb.o [1]
  .text               ro code  0x08007bd8     0x4  startup_stm32f103xb.o [1]
  .text               ro code  0x08007bdc     0x4  startup_stm32f103xb.o [1]
  .rodata             const    0x08007be0     0x0  zero_init3.o [5]
  .rodata             const    0x08007be0     0x0  packbits_init_single.o [5]
  Initializer bytes   const    0x08007be0    0x38  <for P2-1>
                             - 0x08007c18  0x7b2c

"P2", part 1 of 3:                          0x128
  P2-1                         0x20000000   0x128  <Init block>
    .data             inited   0x20000000     0x4  fontes.o [1]
    .data             inited   0x20000004     0x4  fontes.o [1]
    .data             inited   0x20000008     0x4  fontes.o [1]
    .data             inited   0x2000000c     0x4  fontes.o [1]
    .data             inited   0x20000010     0x4  fontes.o [1]
    .data             inited   0x20000014     0x4  fontes.o [1]
    .data             inited   0x20000018     0x4  fontes.o [1]
    .data             inited   0x2000001c     0x4  fontes.o [1]
    .data             inited   0x20000020     0x4  fontes.o [1]
    .data             inited   0x20000024     0x4  port.o [1]
    .data             inited   0x20000028     0x4  system_stm32f1xx.o [1]
    __DLIB_PERTHREAD  inited   0x2000002c    0x88  localeconv.o [3]
    __DLIB_PERTHREAD  inited   0x200000b4    0x74  setlocale.o [3]
                             - 0x20000128   0x128

"P2", part 2 of 3:                          0x600
  CSTACK                       0x20000128   0x400  <Block>
    CSTACK            uninit   0x20000128   0x400  <Block tail>
  HEAP                         0x20000528   0x200  <Block>
    HEAP              uninit   0x20000528   0x200  <Block tail>
                             - 0x20000728   0x600

"P2", part 3 of 3:                         0x1300
  .bss                zero     0x20000728   0xc00  heap_4.o [1]
  .bss                zero     0x20001328   0x400  ssd1306.o [1]
  .bss                zero     0x20001728    0x8c  tasks.o [1]
  .bss                zero     0x200017b4    0x58  spi.o [1]
  .bss                zero     0x2000180c    0x54  i2c.o [1]
  .bss                zero     0x20001860    0x44  adc.o [1]
  .bss                zero     0x200018a4    0x40  usart.o [1]
  .bss                zero     0x200018e4    0x30  adc.o [1]
  .bss                zero     0x20001914    0x14  main.o [1]
  .bss                zero     0x20001928    0x14  rtc.o [1]
  .bss                zero     0x2000193c    0x14  tasks.o [1]
  .bss                zero     0x20001950    0x14  tasks.o [1]
  .bss                zero     0x20001964    0x14  tasks.o [1]
  .bss                zero     0x20001978    0x14  tasks.o [1]
  .bss                zero     0x2000198c    0x14  tasks.o [1]
  .bss                zero     0x200019a0     0xc  freertos.o [1]
  .bss                zero     0x200019ac     0x8  heap_4.o [1]
  .bss                zero     0x200019b4     0x8  xxmemxmalloc.o [3]
  .bss                zero     0x200019bc     0x4  freertos.o [1]
  .bss                zero     0x200019c0     0x4  freertos.o [1]
  .bss                zero     0x200019c4     0x4  freertos.o [1]
  .bss                zero     0x200019c8     0x4  freertos.o [1]
  .bss                zero     0x200019cc     0x4  heap_4.o [1]
  .bss                zero     0x200019d0     0x4  heap_4.o [1]
  .bss                zero     0x200019d4     0x4  heap_4.o [1]
  .bss                zero     0x200019d8     0x4  heap_4.o [1]
  .bss                zero     0x200019dc     0x4  port.o [1]
  .bss                zero     0x200019e0     0x4  stm32f1xx_hal.o [1]
  .bss                zero     0x200019e4     0x4  tasks.o [1]
  .bss                zero     0x200019e8     0x4  tasks.o [1]
  .bss                zero     0x200019ec     0x4  tasks.o [1]
  .bss                zero     0x200019f0     0x4  tasks.o [1]
  .bss                zero     0x200019f4     0x4  tasks.o [1]
  .bss                zero     0x200019f8     0x4  tasks.o [1]
  .bss                zero     0x200019fc     0x4  tasks.o [1]
  .bss                zero     0x20001a00     0x4  tasks.o [1]
  .bss                zero     0x20001a04     0x4  tasks.o [1]
  .bss                zero     0x20001a08     0x4  tasks.o [1]
  .bss                zero     0x20001a0c     0x4  tasks.o [1]
  .bss                zero     0x20001a10     0x4  tasks.o [1]
  .bss                zero     0x20001a14     0x4  tasks.o [1]
  .bss                zero     0x20001a18     0x4  tasks.o [1]
  .bss                zero     0x20001a1c     0x4  tasks.o [1]
  .bss                zero     0x20001a20     0x4  xgetmemchunk.o [3]
  .bss                zero     0x20001a24     0x1  port.o [1]
                             - 0x20001a25  0x12fd


*******************************************************************************
*** INIT TABLE
***

          Address     Size
          -------     ----
Zero (__iar_zero_init3)
    1 destination range, total size 0x12fd:
          0x20000728  0x12fd

Copy/packbits (__iar_packbits_init_single3)
    1 source range, total size 0x38 (18% of destination):
          0x08007be0    0x38
    1 destination range, total size 0x128:
          0x20000000   0x128



*******************************************************************************
*** MODULE SUMMARY
***

    Module                  ro code  ro data  rw data
    ------                  -------  -------  -------
C:\Users\William Trevine\Documents\GitHub\FIRMWARE-CUBO-PROTOBOARD\EWARM\CUBO\Obj: [1]
    adc.o                       320       76      116
    cmsis_os.o                  118
    dma.o                        48
    fontes.o                           3 866       36
    freertos.o                  384       72       28
    gpio.o                      224
    heap_4.o                    640        4    3 096
    i2c.o                       164       76       84
    list.o                      158
    main.o                      258       80       20
    port.o                      420        1        9
    portasm.o                   136
    rtc.o                       248       76       20
    spi.o                       184       76       88
    ssd1306.o                 1 344        8    1 024
    startup_stm32f103xb.o       416
    stm32f1xx_hal.o             100                 4
    stm32f1xx_hal_adc.o       1 382
    stm32f1xx_hal_adc_ex.o      240
    stm32f1xx_hal_cortex.o      348
    stm32f1xx_hal_dma.o         716
    stm32f1xx_hal_gpio.o        784
    stm32f1xx_hal_i2c.o       2 074
    stm32f1xx_hal_msp.o         152
    stm32f1xx_hal_pwr.o          12
    stm32f1xx_hal_rcc.o       1 772       18
    stm32f1xx_hal_rcc_ex.o      580       18
    stm32f1xx_hal_rtc.o       1 244
    stm32f1xx_hal_rtc_ex.o      124
    stm32f1xx_hal_spi.o         648
    stm32f1xx_hal_spi_ex.o      138
    stm32f1xx_hal_uart.o        536
    stm32f1xx_it.o               52
    system_stm32f1xx.o          104       25        4
    tasks.o                   1 992        8      300
    usart.o                     176       80       64
    -------------------------------------------------
    Total:                   18 236    4 484    4 893

command line: [2]
    -------------------------------------------------
    Total:

dl7M_tlf.a: [3]
    div.o                        14
    exit.o                        4
    localeconv.o                108       26      136
    low_level_init.o              4
    setlocale.o                  20       22      116
    sprintf.o                    52
    xencoding_sb.o               96
    xgetmemchunk.o               44                 4
    xmbcurmax.o                  10
    xmbtowc.o                    32
    xprintffull.o             4 454
    xsprout.o                    10
    xtls.o                        2
    xwctomb.o                    26
    xxmemxfree.o                128
    xxmemxmalloc.o              176                 8
    -------------------------------------------------
    Total:                    5 180       48      264

m7M_tl.a: [4]
    DblAdd.o                    212
    DblCmpGe.o                   46
    DblCmpLe.o                   46
    DblDiv.o                    598
    DblMul.o                    418
    DblSub.o                    384
    DblToFlt.o                  144
    DblToI32.o                   88
    FltDiv.o                    252
    FltMul.o                    216
    FltToDbl.o                   78
    I32ToDbl.o                   48
    I32ToFlt.o                   30
    xdnorm.o                     66
    xdscale.o                   268
    -------------------------------------------------
    Total:                    2 894

rt7M_tl.a: [5]
    ABImemcpy_unaligned.o       118
    ABImemset.o                 102
    I64DivMod.o                 238
    I64DivZer.o                   2
    cexit.o                      10
    cmain.o                      26
    cstartup_M.o                 12
    data_init.o                  40
    memchr.o                     88
    packbits_init_single.o       56
    strchr.o                     22
    strlen.o                     54
    zero_init3.o                 64
    -------------------------------------------------
    Total:                      832

shb_l.a: [6]
    exit.o                       20
    -------------------------------------------------
    Total:                       20

    Gaps                         42
    Linker created                        32    1 536
-----------------------------------------------------
    Grand Total:             27 204    4 564    6 693


*******************************************************************************
*** ENTRY LIST
***

Entry                      Address   Size  Type      Object
-----                      -------   ----  ----      ------
.iar.init_table$$Base   0x08007a1c          --   Gb  - Linker created -
.iar.init_table$$Limit  0x08007a3c          --   Gb  - Linker created -
?main                   0x08007a3d         Code  Gb  cmain.o [5]
ADC_ConversionStop_Disable
                        0x0800451d   0x4a  Code  Gb  stm32f1xx_hal_adc.o [1]
ADC_DMAConvCplt         0x08004569   0x52  Code  Gb  stm32f1xx_hal_adc.o [1]
ADC_DMAError            0x080045cd   0x1e  Code  Gb  stm32f1xx_hal_adc.o [1]
ADC_DMAHalfConvCplt     0x080045bd    0xe  Code  Gb  stm32f1xx_hal_adc.o [1]
ADC_Enable              0x0800448d   0x6e  Code  Gb  stm32f1xx_hal_adc.o [1]
AHBPrescTable           0x08007ab4   0x10  Data  Gb  system_stm32f1xx.o [1]
APBPrescTable           0x08007b14    0x8  Data  Gb  system_stm32f1xx.o [1]
BusFault_Handler        0x0800799b    0x2  Code  Gb  stm32f1xx_it.o [1]
CSTACK$$Base            0x20000128          --   Gb  - Linker created -
CSTACK$$Limit           0x20000528          --   Gb  - Linker created -
CS_active               0x08003a55   0x4e  Code  Lc  ssd1306.o [1]
DMA1_Channel1_IRQHandler
                        0x080079b7    0xa  Code  Gb  stm32f1xx_it.o [1]
DMA_SetConfig           0x08004cc9   0x2c  Code  Lc  stm32f1xx_hal_dma.o [1]
DebugMon_Handler        0x0800799f    0x2  Code  Gb  stm32f1xx_it.o [1]
HAL_ADCEx_Calibration_Start
                        0x08003f95   0xec  Code  Gb  stm32f1xx_hal_adc_ex.o [1]
HAL_ADC_ConfigChannel   0x08004343  0x14a  Code  Gb  stm32f1xx_hal_adc.o [1]
HAL_ADC_ConvCpltCallback
                        0x0800433d    0x2  Code  Wk  stm32f1xx_hal_adc.o [1]
HAL_ADC_ConvHalfCpltCallback
                        0x0800433f    0x2  Code  Wk  stm32f1xx_hal_adc.o [1]
HAL_ADC_ErrorCallback   0x08004341    0x2  Code  Wk  stm32f1xx_hal_adc.o [1]
HAL_ADC_Init            0x08004085  0x148  Code  Gb  stm32f1xx_hal_adc.o [1]
HAL_ADC_MspInit         0x08003751   0x88  Code  Gb  adc.o [1]
HAL_ADC_Start_DMA       0x080041cd  0x170  Code  Gb  stm32f1xx_hal_adc.o [1]
HAL_DMA_IRQHandler      0x08004b39  0x16a  Code  Gb  stm32f1xx_hal_dma.o [1]
HAL_DMA_Init            0x08004a29   0x78  Code  Gb  stm32f1xx_hal_dma.o [1]
HAL_DMA_Start_IT        0x08004aa1   0x98  Code  Gb  stm32f1xx_hal_dma.o [1]
HAL_GPIO_Init           0x080030a1  0x2ba  Code  Gb  stm32f1xx_hal_gpio.o [1]
HAL_GPIO_WritePin       0x0800335b   0x14  Code  Gb  stm32f1xx_hal_gpio.o [1]
HAL_GetTick             0x08002f8b    0x6  Code  Wk  stm32f1xx_hal.o [1]
HAL_I2C_Init            0x08001f8d  0x128  Code  Gb  stm32f1xx_hal_i2c.o [1]
HAL_I2C_Master_Transmit
                        0x080020b5  0x188  Code  Gb  stm32f1xx_hal_i2c.o [1]
HAL_I2C_Mem_Write       0x0800224d  0x18e  Code  Gb  stm32f1xx_hal_i2c.o [1]
HAL_I2C_MspInit         0x080027f7   0x3e  Code  Gb  i2c.o [1]
HAL_IncTick             0x08002f7f    0xc  Code  Wk  stm32f1xx_hal.o [1]
HAL_Init                0x08002f39   0x22  Code  Gb  stm32f1xx_hal.o [1]
HAL_InitTick            0x08002f5b   0x24  Code  Wk  stm32f1xx_hal.o [1]
HAL_MspInit             0x0800350d   0x98  Code  Gb  stm32f1xx_hal_msp.o [1]
HAL_NVIC_EnableIRQ      0x080034b3    0xe  Code  Gb  stm32f1xx_hal_cortex.o [1]
HAL_NVIC_SetPriority    0x0800348d   0x26  Code  Gb  stm32f1xx_hal_cortex.o [1]
HAL_NVIC_SetPriorityGrouping
                        0x08003481    0xc  Code  Gb  stm32f1xx_hal_cortex.o [1]
HAL_PWR_EnableBkUpAccess
                        0x0800524d    0x8  Code  Gb  stm32f1xx_hal_pwr.o [1]
HAL_RCCEx_GetPeriphCLKFreq
                        0x080048f1  0x10a  Code  Gb  stm32f1xx_hal_rcc_ex.o [1]
HAL_RCCEx_PeriphCLKConfig
                        0x080047e5  0x10c  Code  Gb  stm32f1xx_hal_rcc_ex.o [1]
HAL_RCC_ClockConfig     0x08002ca3  0x182  Code  Gb  stm32f1xx_hal_rcc.o [1]
HAL_RCC_GetHCLKFreq     0x08002e9b    0x6  Code  Gb  stm32f1xx_hal_rcc.o [1]
HAL_RCC_GetPCLK1Freq    0x08002ea1   0x16  Code  Gb  stm32f1xx_hal_rcc.o [1]
HAL_RCC_GetPCLK2Freq    0x08002eb7   0x16  Code  Gb  stm32f1xx_hal_rcc.o [1]
HAL_RCC_GetSysClockFreq
                        0x08002e25   0x76  Code  Gb  stm32f1xx_hal_rcc.o [1]
HAL_RCC_OscConfig       0x0800284d  0x456  Code  Gb  stm32f1xx_hal_rcc.o [1]
HAL_RTCEx_BKUPRead      0x0800522d   0x1a  Code  Gb  stm32f1xx_hal_rtc_ex.o [1]
HAL_RTCEx_BKUPWrite     0x08005219   0x14  Code  Gb  stm32f1xx_hal_rtc_ex.o [1]
HAL_RTCEx_RTCEventCallback
                        0x08005215    0x2  Code  Wk  stm32f1xx_hal_rtc_ex.o [1]
HAL_RTCEx_RTCEventErrorCallback
                        0x08005217    0x2  Code  Wk  stm32f1xx_hal_rtc_ex.o [1]
HAL_RTCEx_RTCIRQHandler
                        0x080051d1   0x44  Code  Gb  stm32f1xx_hal_rtc_ex.o [1]
HAL_RTC_Init            0x08004cf5   0xe6  Code  Gb  stm32f1xx_hal_rtc.o [1]
HAL_RTC_MspInit         0x08003895   0x42  Code  Gb  rtc.o [1]
HAL_RTC_SetDate         0x08004eb5   0xea  Code  Gb  stm32f1xx_hal_rtc.o [1]
HAL_RTC_SetTime         0x08004ddb   0xda  Code  Gb  stm32f1xx_hal_rtc.o [1]
HAL_RTC_WaitForSynchro  0x08004fad   0x3c  Code  Gb  stm32f1xx_hal_rtc.o [1]
HAL_SPI_Init            0x08005259   0x8a  Code  Gb  stm32f1xx_hal_spi_ex.o [1]
HAL_SPI_MspInit         0x08003951   0x40  Code  Gb  spi.o [1]
HAL_SPI_Transmit        0x080054fd  0x1ba  Code  Gb  stm32f1xx_hal_spi.o [1]
HAL_SYSTICK_CLKSourceConfig
                        0x080034cd   0x20  Code  Gb  stm32f1xx_hal_cortex.o [1]
HAL_SYSTICK_Config      0x080034c1    0xc  Code  Gb  stm32f1xx_hal_cortex.o [1]
HAL_UART_Init           0x080052e5   0x76  Code  Gb  stm32f1xx_hal_uart.o [1]
HAL_UART_MspInit        0x080039ed   0x52  Code  Gb  usart.o [1]
HEAP$$Base              0x20000528          --   Gb  - Linker created -
HEAP$$Limit             0x20000728          --   Gb  - Linker created -
HardFault_Handler       0x08007997    0x2  Code  Gb  stm32f1xx_it.o [1]
I2C_IsAcknowledgeFailed
                        0x08002779   0x2e  Code  Lc  stm32f1xx_hal_i2c.o [1]
I2C_MasterRequestWrite  0x080023e5   0xd0  Code  Lc  stm32f1xx_hal_i2c.o [1]
I2C_RequestMemoryWrite  0x080024b5   0xec  Code  Lc  stm32f1xx_hal_i2c.o [1]
I2C_WaitOnBTFFlagUntilTimeout
                        0x08002727   0x52  Code  Lc  stm32f1xx_hal_i2c.o [1]
I2C_WaitOnFlagUntilTimeout
                        0x080025ad   0x88  Code  Lc  stm32f1xx_hal_i2c.o [1]
I2C_WaitOnMasterAddressFlagUntilTimeout
                        0x08002635   0xa0  Code  Lc  stm32f1xx_hal_i2c.o [1]
I2C_WaitOnTXEFlagUntilTimeout
                        0x080026d5   0x52  Code  Lc  stm32f1xx_hal_i2c.o [1]
LoadInt                 0x0800073b   0x6e  Code  Lc  xprintffull.o [3]
MX_ADC1_Init            0x080036b5   0x9c  Code  Gb  adc.o [1]
MX_DMA_Init             0x08003685   0x30  Code  Gb  dma.o [1]
MX_FREERTOS_Init        0x080045ed   0x1e  Code  Gb  freertos.o [1]
MX_GPIO_Init            0x080035a5   0xe0  Code  Gb  gpio.o [1]
MX_I2C1_Init            0x080027a9   0x4e  Code  Gb  i2c.o [1]
MX_RTC_Init             0x080037f5   0xa0  Code  Gb  rtc.o [1]
MX_SPI2_Init            0x080038ed   0x64  Code  Gb  spi.o [1]
MX_USART2_UART_Init     0x080039a5   0x48  Code  Gb  usart.o [1]
MemManage_Handler       0x08007999    0x2  Code  Gb  stm32f1xx_it.o [1]
NMI_Handler             0x08007995    0x2  Code  Gb  stm32f1xx_it.o [1]
NVIC_EnableIRQ          0x080033d9   0x14  Code  Lc  stm32f1xx_hal_cortex.o [1]
NVIC_EncodePriority     0x08003413   0x3e  Code  Lc  stm32f1xx_hal_cortex.o [1]
NVIC_GetPriorityGrouping
                        0x080033cf    0xa  Code  Lc  stm32f1xx_hal_cortex.o [1]
NVIC_SetPriority        0x080033ed   0x26  Code  Lc  stm32f1xx_hal_cortex.o [1]
NVIC_SetPriorityGrouping
                        0x080033b1   0x1e  Code  Lc  stm32f1xx_hal_cortex.o [1]
PendSV_Handler          0x08006781         Code  Gb  portasm.o [1]
RCC_Delay               0x08002ecd   0x26  Code  Lc  stm32f1xx_hal_rcc.o [1]
RTC_Bcd2ToByte          0x08005121   0x1c  Code  Lc  stm32f1xx_hal_rtc.o [1]
RTC_EnterInitMode       0x080050b9   0x34  Code  Lc  stm32f1xx_hal_rtc.o [1]
RTC_ExitInitMode        0x080050ed   0x34  Code  Lc  stm32f1xx_hal_rtc.o [1]
RTC_IRQHandler          0x080079ad    0xa  Code  Gb  stm32f1xx_it.o [1]
RTC_ReadAlarmCounter    0x08005065   0x1c  Code  Lc  stm32f1xx_hal_rtc.o [1]
RTC_ReadTimeCounter     0x08004fe9   0x44  Code  Lc  stm32f1xx_hal_rtc.o [1]
RTC_WeekDayNum          0x0800513d   0x94  Code  Lc  stm32f1xx_hal_rtc.o [1]
RTC_WriteAlarmCounter   0x08005081   0x38  Code  Lc  stm32f1xx_hal_rtc.o [1]
RTC_WriteTimeCounter    0x0800502d   0x38  Code  Lc  stm32f1xx_hal_rtc.o [1]
Region$$Table$$Base     0x08007a1c          --   Gb  - Linker created -
Region$$Table$$Limit    0x08007a3c          --   Gb  - Linker created -
SPI_CheckFlag_BSY       0x08005759   0x2c  Code  Lc  stm32f1xx_hal_spi.o [1]
SPI_WaitFlagStateUntilTimeout
                        0x080056b7   0xa2  Code  Lc  stm32f1xx_hal_spi.o [1]
SVC_Handler             0x080067c7         Code  Gb  portasm.o [1]
StartDefaultTask        0x0800460b  0x122  Code  Gb  freertos.o [1]
SysTick_Config          0x08003451   0x30  Code  Lc  stm32f1xx_hal_cortex.o [1]
SysTick_Handler         0x080079a1    0xc  Code  Gb  stm32f1xx_it.o [1]
SystemClock_Config      0x08002fe1   0xae  Code  Gb  main.o [1]
SystemCoreClock         0x20000028    0x4  Data  Gb  system_stm32f1xx.o [1]
SystemInit              0x080076e5   0x4e  Code  Gb  system_stm32f1xx.o [1]
UART_SetConfig          0x0800535b  0x198  Code  Lc  stm32f1xx_hal_uart.o [1]
UsageFault_Handler      0x0800799d    0x2  Code  Gb  stm32f1xx_it.o [1]
_EncodingSb_Mbtowc      0x08001e3f   0x30  Code  Gb  xencoding_sb.o [3]
_EncodingSb_Wctomb      0x08001e25   0x1a  Code  Gb  xencoding_sb.o [3]
_Error_Handler          0x0800309d    0x2  Code  Gb  main.o [1]
_GenldFull              0x08000fbf  0x24c  Code  Lc  xprintffull.o [3]
_IsdstStr               0x200000b8    0x4  Data  Gb  setlocale.o [3]
_LdtobFull              0x08000bbd  0x3fc  Code  Lc  xprintffull.o [3]
_LitobFull              0x08000ab5  0x106  Code  Lc  xprintffull.o [3]
_LocaleEncoding         0x08001e11    0xe  Code  Gb  setlocale.o [3]
_LocaleReturnString     0x200000d8   0x50  Data  Lc  setlocale.o [3]
_Locale_Profile         0x200000bc   0x1c  Data  Gb  setlocale.o [3]
_Locale_aeabi_lconv     0x2000007c   0x38  Data  Gb  localeconv.o [3]
_Locale_lconv           0x2000002c   0x50  Data  Gb  localeconv.o [3]
_Mbtowc                 0x08001253   0x20  Code  Gb  xmbtowc.o [3]
_PrintfFull             0x080000ed  0x638  Code  Gb  xprintffull.o [3]
_PutcharsFull           0x0800120b   0x2e  Code  Lc  xprintffull.o [3]
_PutstrFull             0x080007a9  0x306  Code  Lc  xprintffull.o [3]
_SProut                 0x08001273    0xa  Code  Gb  xsprout.o [3]
_TzoneStr               0x200000b4    0x4  Data  Gb  setlocale.o [3]
_Wctomb                 0x080013e1   0x1a  Code  Gb  xwctomb.o [3]
__aeabi_cdcmple         0x08001625         Code  Gb  DblCmpLe.o [4]
__aeabi_cdrcmple        0x08001655         Code  Gb  DblCmpGe.o [4]
__aeabi_d2f             0x0800585d         Code  Gb  DblToFlt.o [4]
__aeabi_d2iz            0x08001791         Code  Gb  DblToI32.o [4]
__aeabi_d2uiz           0x080017bd         Code  Gb  DblToI32.o [4]
__aeabi_ddiv            0x08001b3d         Code  Gb  DblDiv.o [4]
__aeabi_dmul            0x08001999         Code  Gb  DblMul.o [4]
__aeabi_dsub            0x08001819         Code  Gb  DblSub.o [4]
__aeabi_f2d             0x0800580d         Code  Gb  FltToDbl.o [4]
__aeabi_fdiv            0x080059c5         Code  Gb  FltDiv.o [4]
__aeabi_fmul            0x080058ed         Code  Gb  FltMul.o [4]
__aeabi_i2d             0x080017e9         Code  Gb  I32ToDbl.o [4]
__aeabi_ldiv0           0x08001eb1         Code  Gb  I64DivZer.o [5]
__aeabi_memset          0x08005785         Code  Gb  ABImemset.o [5]
__aeabi_ui2d            0x080017fd         Code  Gb  I32ToDbl.o [4]
__aeabi_ui2f            0x080057ed         Code  Gb  I32ToFlt.o [4]
__aeabi_uldivmod        0x080014f5         Code  Gb  I64DivMod.o [5]
__cmain                 0x08007a3d         Code  Gb  cmain.o [5]
__data_Aldata           0x200019b4    0x8  Data  Gb  xxmemxmalloc.o [3]
__data_GetMemChunk      0x08001e85   0x2c  Code  Gb  xgetmemchunk.o [3]
__exit                  0x08007a6d   0x14  Code  Gb  exit.o [6]
__iar_Dnorm             0x080015e3   0x42  Code  Gb  xdnorm.o [4]
__iar_Dscale            0x08001685  0x10c  Code  Gb  xdscale.o [4]
__iar_Locale_lconv_init
                        0x08001d95   0x3a  Code  Gb  localeconv.o [3]
__iar_Mbcurmax          0x08001325    0xa  Code  Gb  xmbcurmax.o [3]
__iar_Memchr            0x080012cd         Code  Gb  memchr.o [5]
__iar_Memset            0x08005785         Code  Gb  ABImemset.o [5]
__iar_Memset_word       0x0800578d         Code  Gb  ABImemset.o [5]
__iar_Strchr            0x0800127d         Code  Gb  strchr.o [5]
__iar_d2uiz             0x080017c9         Code  Gb  DblToI32.o [4]
__iar_dadd              0x08001eb5         Code  Gb  DblAdd.o [4]
__iar_data_init3        0x080079f5   0x28  Code  Gb  data_init.o [5]
__iar_dlib_perthread_access
                        0x08001f89    0x2  Code  Gb  xtls.o [3]
__iar_dsub              0x0800182d         Code  Gb  DblSub.o [4]
__iar_dsubStart         0x0800183f         Code  Gb  DblSub.o [4]
__iar_packbits_init_single3
                        0x0800795d   0x38  Code  Gb  packbits_init_single.o [5]
__iar_program_start     0x08007ae1         Code  Gb  cstartup_M.o [5]
__iar_ui2d              0x08001801         Code  Gb  I32ToDbl.o [4]
__iar_ui2f              0x080057f1         Code  Gb  I32ToFlt.o [4]
__iar_unaligned___aeabi_memcpy
                        0x080013fd         Code  Gb  ABImemcpy_unaligned.o [5]
__iar_unaligned___aeabi_memcpy4
                        0x0800141d         Code  Gb  ABImemcpy_unaligned.o [5]
__iar_unaligned___aeabi_memcpy8
                        0x0800141d         Code  Gb  ABImemcpy_unaligned.o [5]
__iar_zero_init3        0x0800791d   0x40  Code  Gb  zero_init3.o [5]
__low_level_init        0x08007a57    0x4  Code  Gb  low_level_init.o [3]
__vector_table          0x08000000         Data  Gb  startup_stm32f103xb.o [1]
_call_main              0x08007a49         Code  Gb  cmain.o [5]
_exit                   0x08007a61         Code  Gb  cexit.o [5]
_main                   0x08007a53         Code  Gb  cmain.o [5]
buffer                  0x200019a0    0xc  Data  Gb  freertos.o [1]
buffer_display          0x20001328  0x400  Data  Gb  ssd1306.o [1]
defaultTaskHandle       0x200019bc    0x4  Data  Gb  freertos.o [1]
div                     0x08001e01    0xe  Code  Gb  div.o [3]
exit                    0x08007a5b    0x4  Code  Gb  exit.o [3]
font_1_bitmap           0x20000000    0x4  Data  Gb  fontes.o [1]
font_1_descriptors      0x20000004    0x4  Data  Gb  fontes.o [1]
font_1_info             0x20000008    0x4  Data  Gb  fontes.o [1]
font_2_bitmap           0x2000000c    0x4  Data  Gb  fontes.o [1]
font_2_descriptors      0x20000010    0x4  Data  Gb  fontes.o [1]
font_2_info             0x20000014    0x4  Data  Gb  fontes.o [1]
font_3_bitmap           0x20000018    0x4  Data  Gb  fontes.o [1]
font_3_descriptors      0x2000001c    0x4  Data  Gb  fontes.o [1]
font_3_info             0x20000020    0x4  Data  Gb  fontes.o [1]
free                    0x08001475   0x7a  Code  Gb  xxmemxfree.o [3]
giantRobotArmyMed_16ptBitmaps
                        0x08007588  0x15c  Data  Gb  fontes.o [1]
giantRobotArmyMed_16ptDescriptors
                        0x08007204  0x20c  Data  Gb  fontes.o [1]
giantRobotArmyMed_16ptFontInfo
                        0x08007b28    0x4  Data  Gb  fontes.o [1]
giantRobotArmyMed_24ptBitmaps
                        0x08006fc0  0x244  Data  Gb  fontes.o [1]
giantRobotArmyMed_24ptDescriptors
                        0x080079c8   0x2c  Data  Gb  fontes.o [1]
giantRobotArmyMed_24ptFontInfo
                        0x08007b24    0x4  Data  Gb  fontes.o [1]
giantRobotArmyMed_8ptBitmaps
                        0x08006808  0x464  Data  Gb  fontes.o [1]
giantRobotArmyMed_8ptDescriptors
                        0x08007410  0x178  Data  Gb  fontes.o [1]
giantRobotArmyMed_8ptFontInfo
                        0x08007b2c    0x4  Data  Gb  fontes.o [1]
hadc1                   0x200018e4   0x30  Data  Gb  adc.o [1]
hdma_adc1               0x20001860   0x44  Data  Gb  adc.o [1]
hi2c1                   0x2000180c   0x54  Data  Gb  i2c.o [1]
hrtc                    0x20001928   0x14  Data  Gb  rtc.o [1]
hspi2                   0x200017b4   0x58  Data  Gb  spi.o [1]
huart2                  0x200018a4   0x40  Data  Gb  usart.o [1]
localeconv              0x08001dcf   0x16  Code  Gb  localeconv.o [3]
main                    0x08002f9d   0x44  Code  Gb  main.o [1]
makeFreeRtosPriority    0x0800476d   0x12  Code  Lc  cmsis_os.o [1]
malloc                  0x08001331   0xac  Code  Gb  xxmemxmalloc.o [3]
memchr                  0x080012cd         Code  Gb  memchr.o [5]
opala                   0x08006c6c  0x354  Data  Gb  fontes.o [1]
osDelay                 0x080047b7   0x1c  Code  Gb  cmsis_os.o [1]
osKernelStart           0x0800477f    0xa  Code  Gb  cmsis_os.o [1]
osSystickHandler        0x080047d3   0x10  Code  Gb  cmsis_os.o [1]
osThreadCreate          0x08004789   0x2e  Code  Gb  cmsis_os.o [1]
prvAddCurrentTaskToDelayedList
                        0x080061f9   0x82  Code  Lc  tasks.o [1]
prvAddNewTaskToReadyList
                        0x08005c41   0xb8  Code  Lc  tasks.o [1]
prvCheckTasksWaitingTermination
                        0x080060f9   0x66  Code  Lc  tasks.o [1]
prvDeleteTCB            0x0800615f   0x12  Code  Lc  tasks.o [1]
prvHeapInit             0x080065f1   0x6e  Code  Lc  heap_4.o [1]
prvIdleTask             0x08006075   0x24  Code  Lc  tasks.o [1]
prvInitialiseNewTask    0x08005b79   0xc8  Code  Lc  tasks.o [1]
prvInitialiseTaskLists  0x0800609d   0x54  Code  Lc  tasks.o [1]
prvInsertBlockIntoFreeList
                        0x0800665f   0x62  Code  Lc  heap_4.o [1]
prvResetNextTaskUnblockTime
                        0x08006171   0x2e  Code  Lc  tasks.o [1]
prvTaskExitError        0x080062dd   0x2a  Code  Lc  port.o [1]
pvPortMalloc            0x08006461  0x118  Code  Gb  heap_4.o [1]
pxCurrentTCB            0x200019e4    0x4  Data  Gb  tasks.o [1]
pxDelayedTaskList       0x200019e8    0x4  Data  Lc  tasks.o [1]
pxEnd                   0x200019cc    0x4  Data  Lc  heap_4.o [1]
pxOverflowDelayedTaskList
                        0x200019ec    0x4  Data  Lc  tasks.o [1]
pxPortInitialiseStack   0x080062bd   0x20  Code  Gb  port.o [1]
pxReadyTasksLists       0x20001728   0x8c  Data  Lc  tasks.o [1]
sprintf                 0x08005ac1   0x34  Code  Gb  sprintf.o [3]
ssd1306_clear_display   0x08003b03   0x18  Code  Gb  ssd1306.o [1]
ssd1306_init            0x08003b1b   0x9c  Code  Gb  ssd1306.o [1]
ssd1306_send_command    0x08003aa3   0x60  Code  Gb  ssd1306.o [1]
ssd1306_write_display   0x08003bb7  0x114  Code  Gb  ssd1306.o [1]
ssd1306_write_image     0x08003ebb   0x9a  Code  Gb  ssd1306.o [1]
ssd1306_write_text      0x08003ccb  0x1f0  Code  Gb  ssd1306.o [1]
strchr                  0x0800127d         Code  Gb  strchr.o [5]
strlen                  0x08001295         Code  Gb  strlen.o [5]
temp_int                0x200019c8    0x4  Data  Gb  freertos.o [1]
temp_lm35               0x200019c0    0x4  Data  Gb  freertos.o [1]
temperatura             0x20001914   0x14  Data  Gb  main.o [1]
ucHeap                  0x20000728  0xc00  Data  Lc  heap_4.o [1]
ucMaxSysCallPriority    0x20001a24    0x1  Data  Lc  port.o [1]
ulMaxPRIGROUPValue      0x200019dc    0x4  Data  Lc  port.o [1]
uwTick                  0x200019e0    0x4  Data  Gb  stm32f1xx_hal.o [1]
uxCriticalNesting       0x20000024    0x4  Data  Lc  port.o [1]
uxCurrentNumberOfTasks  0x200019f4    0x4  Data  Lc  tasks.o [1]
uxDeletedTasksWaitingCleanUp
                        0x200019f0    0x4  Data  Lc  tasks.o [1]
uxListRemove            0x08006757   0x28  Code  Gb  list.o [1]
uxPendedTicks           0x20001a04    0x4  Data  Lc  tasks.o [1]
uxSchedulerSuspended    0x20001a1c    0x4  Data  Lc  tasks.o [1]
uxTaskNumber            0x20001a10    0x4  Data  Lc  tasks.o [1]
uxTopReadyPriority      0x200019fc    0x4  Data  Lc  tasks.o [1]
vListInitialise         0x080066e1   0x1e  Code  Gb  list.o [1]
vListInitialiseItem     0x080066ff    0x6  Code  Gb  list.o [1]
vListInsert             0x0800671d   0x3a  Code  Gb  list.o [1]
vListInsertEnd          0x08006705   0x18  Code  Gb  list.o [1]
vPortEnterCritical      0x0800638f   0x3a  Code  Gb  port.o [1]
vPortExitCritical       0x080063c9   0x32  Code  Gb  port.o [1]
vPortFree               0x08006579   0x78  Code  Gb  heap_4.o [1]
vPortSetupTimerInterrupt
                        0x08006423   0x1a  Code  Wk  port.o [1]
vPortStartFirstTask     0x080067e7         Code  Gb  portasm.o [1]
vTaskDelay              0x08005cf9   0x4e  Code  Gb  tasks.o [1]
vTaskStartScheduler     0x08005d47   0x68  Code  Gb  tasks.o [1]
vTaskSuspendAll         0x08005daf   0x10  Code  Gb  tasks.o [1]
vTaskSwitchContext      0x08005ff1   0x72  Code  Gb  tasks.o [1]
vref_int                0x200019c4    0x4  Data  Gb  freertos.o [1]
xBlockAllocatedBit      0x200019d8    0x4  Data  Lc  heap_4.o [1]
xDelayedTaskList1       0x2000193c   0x14  Data  Lc  tasks.o [1]
xDelayedTaskList2       0x20001950   0x14  Data  Lc  tasks.o [1]
xFreeBytesRemaining     0x200019d0    0x4  Data  Lc  heap_4.o [1]
xHeapStructSize         0x08007b30    0x4  Data  Lc  heap_4.o [1]
xIdleTaskHandle         0x20001a18    0x4  Data  Lc  tasks.o [1]
xMinimumEverFreeBytesRemaining
                        0x200019d4    0x4  Data  Lc  heap_4.o [1]
xNextTaskUnblockTime    0x20001a14    0x4  Data  Lc  tasks.o [1]
xNumOfOverflows         0x20001a0c    0x4  Data  Lc  tasks.o [1]
xPendingReadyList       0x20001964   0x14  Data  Lc  tasks.o [1]
xPortStartScheduler     0x08006307   0x88  Code  Gb  port.o [1]
xPortSysTickHandler     0x080063fb   0x28  Code  Gb  port.o [1]
xSchedulerRunning       0x20001a00    0x4  Data  Lc  tasks.o [1]
xStart                  0x200019ac    0x8  Data  Lc  heap_4.o [1]
xSuspendedTaskList      0x2000198c   0x14  Data  Lc  tasks.o [1]
xTaskCreate             0x08005af5   0x84  Code  Gb  tasks.o [1]
xTaskGetSchedulerState  0x080061a5   0x26  Code  Gb  tasks.o [1]
xTaskIncrementTick      0x08005ebd  0x134  Code  Gb  tasks.o [1]
xTaskResumeAll          0x08005dbf   0xfe  Code  Gb  tasks.o [1]
xTasksWaitingTermination
                        0x20001978   0x14  Data  Lc  tasks.o [1]
xTickCount              0x200019f8    0x4  Data  Lc  tasks.o [1]
xYieldPending           0x20001a08    0x4  Data  Lc  tasks.o [1]


[1] = C:\Users\William Trevine\Documents\GitHub\FIRMWARE-CUBO-PROTOBOARD\EWARM\CUBO\Obj
[2] = command line
[3] = dl7M_tlf.a
[4] = m7M_tl.a
[5] = rt7M_tl.a
[6] = shb_l.a

  27 204 bytes of readonly  code memory
   4 564 bytes of readonly  data memory
   6 693 bytes of readwrite data memory

Errors: none
Warnings: none
