###############################################################################
#
# IAR ELF Linker V7.50.2.10312/W32 for ARM                04/Feb/2018  10:39:50
# Copyright 2007-2015 IAR Systems AB.
#
#    Output file  =  
#        C:\Users\William
#        Trevine\Documents\GitHub\FIRMWARE-CUBO-PROTOBOARD\EWARM\CUBO\Exe\CUBO.out
#    Map file     =  
#        C:\Users\William
#        Trevine\Documents\GitHub\FIRMWARE-CUBO-PROTOBOARD\EWARM\CUBO\List\CUBO.map
#    Command line =  
#        "C:\Users\William
#        Trevine\Documents\GitHub\FIRMWARE-CUBO-PROTOBOARD\EWARM\CUBO\Obj\adc.o"
#        "C:\Users\William
#        Trevine\Documents\GitHub\FIRMWARE-CUBO-PROTOBOARD\EWARM\CUBO\Obj\cmsis_os.o"
#        "C:\Users\William
#        Trevine\Documents\GitHub\FIRMWARE-CUBO-PROTOBOARD\EWARM\CUBO\Obj\croutine.o"
#        "C:\Users\William
#        Trevine\Documents\GitHub\FIRMWARE-CUBO-PROTOBOARD\EWARM\CUBO\Obj\dma.o"
#        "C:\Users\William
#        Trevine\Documents\GitHub\FIRMWARE-CUBO-PROTOBOARD\EWARM\CUBO\Obj\event_groups.o"
#        "C:\Users\William
#        Trevine\Documents\GitHub\FIRMWARE-CUBO-PROTOBOARD\EWARM\CUBO\Obj\fontes.o"
#        "C:\Users\William
#        Trevine\Documents\GitHub\FIRMWARE-CUBO-PROTOBOARD\EWARM\CUBO\Obj\freertos.o"
#        "C:\Users\William
#        Trevine\Documents\GitHub\FIRMWARE-CUBO-PROTOBOARD\EWARM\CUBO\Obj\gpio.o"
#        "C:\Users\William
#        Trevine\Documents\GitHub\FIRMWARE-CUBO-PROTOBOARD\EWARM\CUBO\Obj\heap_4.o"
#        "C:\Users\William
#        Trevine\Documents\GitHub\FIRMWARE-CUBO-PROTOBOARD\EWARM\CUBO\Obj\i2c.o"
#        "C:\Users\William
#        Trevine\Documents\GitHub\FIRMWARE-CUBO-PROTOBOARD\EWARM\CUBO\Obj\list.o"
#        "C:\Users\William
#        Trevine\Documents\GitHub\FIRMWARE-CUBO-PROTOBOARD\EWARM\CUBO\Obj\main.o"
#        "C:\Users\William
#        Trevine\Documents\GitHub\FIRMWARE-CUBO-PROTOBOARD\EWARM\CUBO\Obj\port.o"
#        "C:\Users\William
#        Trevine\Documents\GitHub\FIRMWARE-CUBO-PROTOBOARD\EWARM\CUBO\Obj\portasm.o"
#        "C:\Users\William
#        Trevine\Documents\GitHub\FIRMWARE-CUBO-PROTOBOARD\EWARM\CUBO\Obj\queue.o"
#        "C:\Users\William
#        Trevine\Documents\GitHub\FIRMWARE-CUBO-PROTOBOARD\EWARM\CUBO\Obj\rtc.o"
#        "C:\Users\William
#        Trevine\Documents\GitHub\FIRMWARE-CUBO-PROTOBOARD\EWARM\CUBO\Obj\spi.o"
#        "C:\Users\William
#        Trevine\Documents\GitHub\FIRMWARE-CUBO-PROTOBOARD\EWARM\CUBO\Obj\ssd1306.o"
#        "C:\Users\William
#        Trevine\Documents\GitHub\FIRMWARE-CUBO-PROTOBOARD\EWARM\CUBO\Obj\startup_stm32f103xb.o"
#        "C:\Users\William
#        Trevine\Documents\GitHub\FIRMWARE-CUBO-PROTOBOARD\EWARM\CUBO\Obj\stm32f1xx_hal.o"
#        "C:\Users\William
#        Trevine\Documents\GitHub\FIRMWARE-CUBO-PROTOBOARD\EWARM\CUBO\Obj\stm32f1xx_hal_adc.o"
#        "C:\Users\William
#        Trevine\Documents\GitHub\FIRMWARE-CUBO-PROTOBOARD\EWARM\CUBO\Obj\stm32f1xx_hal_adc_ex.o"
#        "C:\Users\William
#        Trevine\Documents\GitHub\FIRMWARE-CUBO-PROTOBOARD\EWARM\CUBO\Obj\stm32f1xx_hal_cortex.o"
#        "C:\Users\William
#        Trevine\Documents\GitHub\FIRMWARE-CUBO-PROTOBOARD\EWARM\CUBO\Obj\stm32f1xx_hal_dma.o"
#        "C:\Users\William
#        Trevine\Documents\GitHub\FIRMWARE-CUBO-PROTOBOARD\EWARM\CUBO\Obj\stm32f1xx_hal_flash.o"
#        "C:\Users\William
#        Trevine\Documents\GitHub\FIRMWARE-CUBO-PROTOBOARD\EWARM\CUBO\Obj\stm32f1xx_hal_flash_ex.o"
#        "C:\Users\William
#        Trevine\Documents\GitHub\FIRMWARE-CUBO-PROTOBOARD\EWARM\CUBO\Obj\stm32f1xx_hal_gpio.o"
#        "C:\Users\William
#        Trevine\Documents\GitHub\FIRMWARE-CUBO-PROTOBOARD\EWARM\CUBO\Obj\stm32f1xx_hal_gpio_ex.o"
#        "C:\Users\William
#        Trevine\Documents\GitHub\FIRMWARE-CUBO-PROTOBOARD\EWARM\CUBO\Obj\stm32f1xx_hal_i2c.o"
#        "C:\Users\William
#        Trevine\Documents\GitHub\FIRMWARE-CUBO-PROTOBOARD\EWARM\CUBO\Obj\stm32f1xx_hal_msp.o"
#        "C:\Users\William
#        Trevine\Documents\GitHub\FIRMWARE-CUBO-PROTOBOARD\EWARM\CUBO\Obj\stm32f1xx_hal_pwr.o"
#        "C:\Users\William
#        Trevine\Documents\GitHub\FIRMWARE-CUBO-PROTOBOARD\EWARM\CUBO\Obj\stm32f1xx_hal_rcc.o"
#        "C:\Users\William
#        Trevine\Documents\GitHub\FIRMWARE-CUBO-PROTOBOARD\EWARM\CUBO\Obj\stm32f1xx_hal_rcc_ex.o"
#        "C:\Users\William
#        Trevine\Documents\GitHub\FIRMWARE-CUBO-PROTOBOARD\EWARM\CUBO\Obj\stm32f1xx_hal_rtc.o"
#        "C:\Users\William
#        Trevine\Documents\GitHub\FIRMWARE-CUBO-PROTOBOARD\EWARM\CUBO\Obj\stm32f1xx_hal_rtc_ex.o"
#        "C:\Users\William
#        Trevine\Documents\GitHub\FIRMWARE-CUBO-PROTOBOARD\EWARM\CUBO\Obj\stm32f1xx_hal_spi.o"
#        "C:\Users\William
#        Trevine\Documents\GitHub\FIRMWARE-CUBO-PROTOBOARD\EWARM\CUBO\Obj\stm32f1xx_hal_spi_ex.o"
#        "C:\Users\William
#        Trevine\Documents\GitHub\FIRMWARE-CUBO-PROTOBOARD\EWARM\CUBO\Obj\stm32f1xx_hal_tim.o"
#        "C:\Users\William
#        Trevine\Documents\GitHub\FIRMWARE-CUBO-PROTOBOARD\EWARM\CUBO\Obj\stm32f1xx_hal_tim_ex.o"
#        "C:\Users\William
#        Trevine\Documents\GitHub\FIRMWARE-CUBO-PROTOBOARD\EWARM\CUBO\Obj\stm32f1xx_hal_uart.o"
#        "C:\Users\William
#        Trevine\Documents\GitHub\FIRMWARE-CUBO-PROTOBOARD\EWARM\CUBO\Obj\stm32f1xx_it.o"
#        "C:\Users\William
#        Trevine\Documents\GitHub\FIRMWARE-CUBO-PROTOBOARD\EWARM\CUBO\Obj\system_stm32f1xx.o"
#        "C:\Users\William
#        Trevine\Documents\GitHub\FIRMWARE-CUBO-PROTOBOARD\EWARM\CUBO\Obj\tasks.o"
#        "C:\Users\William
#        Trevine\Documents\GitHub\FIRMWARE-CUBO-PROTOBOARD\EWARM\CUBO\Obj\timers.o"
#        "C:\Users\William
#        Trevine\Documents\GitHub\FIRMWARE-CUBO-PROTOBOARD\EWARM\CUBO\Obj\usart.o"
#        --redirect _Printf=_PrintfFull --redirect _Scanf=_ScanfFull -o
#        "C:\Users\William
#        Trevine\Documents\GitHub\FIRMWARE-CUBO-PROTOBOARD\EWARM\CUBO\Exe\CUBO.out"
#        --map "C:\Users\William
#        Trevine\Documents\GitHub\FIRMWARE-CUBO-PROTOBOARD\EWARM\CUBO\List\CUBO.map"
#        --config "C:\Users\William
#        Trevine\Documents\GitHub\FIRMWARE-CUBO-PROTOBOARD\EWARM/stm32f103xb_flash.icf"
#        --semihosting --entry __iar_program_start --vfe
#
###############################################################################

*******************************************************************************
*** RUNTIME MODEL ATTRIBUTES
***

CppFlavor                     = *
__Heap_Handler                = Basic
__SystemLibrary               = DLib
__dlib_dynamic_initialization = normal


*******************************************************************************
*** PLACEMENT SUMMARY
***

"A1":  place at 0x08000000 { ro section .intvec };
"P1":  place in [from 0x08000000 to 0x0801ffff] { ro };
"P2":  place in [from 0x20000000 to 0x20004fff] { rw, block CSTACK, block HEAP };

  Section             Kind        Address    Size  Object
  -------             ----        -------    ----  ------
"A1":                                        0xec
  .intvec             ro code  0x08000000    0xec  startup_stm32f103xb.o [1]
                             - 0x080000ec    0xec

"P1":                                      0x7f28
  .text               ro code  0x080000ec  0x1166  xprintffull.o [3]
  .text               ro code  0x08001252    0x20  xmbtowc.o [3]
  .text               ro code  0x08001272     0xa  xsprout.o [3]
  .text               ro code  0x0800127c    0x16  strchr.o [5]
  .rodata             const    0x08001292     0x2  stm32f1xx_hal_rcc.o [1]
  .text               ro code  0x08001294    0x36  strlen.o [5]
  .rodata             const    0x080012ca     0x2  stm32f1xx_hal_rcc_ex.o [1]
  .text               ro code  0x080012cc    0x58  memchr.o [5]
  .text               ro code  0x08001324     0xa  xmbcurmax.o [3]
  .text               ro code  0x08001330    0xb0  xxmemxmalloc.o [3]
  .text               ro code  0x080013e0    0x1a  xwctomb.o [3]
  .text               ro code  0x080013fc    0x76  ABImemcpy_unaligned.o [5]
  .text               ro code  0x08001474    0x80  xxmemxfree.o [3]
  .text               ro code  0x080014f4    0xee  I64DivMod.o [5]
  .text               ro code  0x080015e2    0x42  xdnorm.o [4]
  .text               ro code  0x08001624    0x2e  DblCmpLe.o [4]
  .text               ro code  0x08001654    0x2e  DblCmpGe.o [4]
  .text               ro code  0x08001684   0x10c  xdscale.o [4]
  .text               ro code  0x08001790    0x58  DblToI32.o [4]
  .text               ro code  0x080017e8    0x30  I32ToDbl.o [4]
  .text               ro code  0x08001818   0x180  DblSub.o [4]
  .text               ro code  0x08001998   0x1a2  DblMul.o [4]
  .text               ro code  0x08001b3c   0x256  DblDiv.o [4]
  .text               ro code  0x08001d94    0x6c  localeconv.o [3]
  .text               ro code  0x08001e00     0xe  div.o [3]
  .text               ro code  0x08001e10    0x14  setlocale.o [3]
  .text               ro code  0x08001e24    0x60  xencoding_sb.o [3]
  .text               ro code  0x08001e84    0x2c  xgetmemchunk.o [3]
  .text               ro code  0x08001eb0     0x2  I64DivZer.o [5]
  .text               ro code  0x08001eb4    0xd4  DblAdd.o [4]
  .text               ro code  0x08001f88     0x2  xtls.o [3]
  .text               ro code  0x08001f8c   0x81a  stm32f1xx_hal_i2c.o [1]
  .text               ro code  0x080027a8    0xa4  i2c.o [1]
  .text               ro code  0x0800284c   0x6ec  stm32f1xx_hal_rcc.o [1]
  .text               ro code  0x08002f38    0x64  stm32f1xx_hal.o [1]
  .text               ro code  0x08002f9c   0x106  main.o [1]
  .text               ro code  0x080030a4   0x310  stm32f1xx_hal_gpio.o [1]
  .text               ro code  0x080033b4   0x15c  stm32f1xx_hal_cortex.o [1]
  .text               ro code  0x08003510    0x98  stm32f1xx_hal_msp.o [1]
  .text               ro code  0x080035a8    0xe0  gpio.o [1]
  .text               ro code  0x08003688    0x30  dma.o [1]
  .text               ro code  0x080036b8   0x140  adc.o [1]
  .text               ro code  0x080037f8    0xb8  spi.o [1]
  .text               ro code  0x080038b0   0x170  usart.o [1]
  .text               ro code  0x08003a20    0xe8  rtc.o [1]
  .text               ro code  0x08003b08   0x540  ssd1306.o [1]
  .text               ro code  0x08004048    0xf0  stm32f1xx_hal_adc_ex.o [1]
  .text               ro code  0x08004138   0x566  stm32f1xx_hal_adc.o [1]
  .text               ro code  0x080046a0   0x180  freertos.o [1]
  .text               ro code  0x08004820    0x76  cmsis_os.o [1]
  .text               ro code  0x08004898   0x244  stm32f1xx_hal_rcc_ex.o [1]
  .text               ro code  0x08004adc   0x380  stm32f1xx_hal_dma.o [1]
  .text               ro code  0x08004e5c    0x8a  stm32f1xx_hal_spi_ex.o [1]
  .text               ro code  0x08004ee8   0x4d8  stm32f1xx_hal_uart.o [1]
  .text               ro code  0x080053c0   0x4dc  stm32f1xx_hal_rtc.o [1]
  .text               ro code  0x0800589c    0x34  stm32f1xx_hal_rtc_ex.o [1]
  .text               ro code  0x080058d0     0xc  stm32f1xx_hal_pwr.o [1]
  .text               ro code  0x080058dc   0x288  stm32f1xx_hal_spi.o [1]
  .text               ro code  0x08005b64    0x66  ABImemset.o [5]
  .text               ro code  0x08005bcc    0x1e  I32ToFlt.o [4]
  .text               ro code  0x08005bec    0x4e  FltToDbl.o [4]
  .text               ro code  0x08005c3c    0x90  DblToFlt.o [4]
  .text               ro code  0x08005ccc    0xd8  FltMul.o [4]
  .text               ro code  0x08005da4    0xfc  FltDiv.o [4]
  .text               ro code  0x08005ea0    0x34  sprintf.o [3]
  .text               ro code  0x08005ed4   0x7c8  tasks.o [1]
  .text               ro code  0x0800669c   0x1a4  port.o [1]
  .text               ro code  0x08006840   0x280  heap_4.o [1]
  .text               ro code  0x08006ac0    0x9e  list.o [1]
  CODE                ro code  0x08006b60    0x88  portasm.o [1]
  .rodata             const    0x08006be8   0x464  fontes.o [1]
  .rodata             const    0x0800704c   0x354  fontes.o [1]
  .rodata             const    0x080073a0   0x244  fontes.o [1]
  .rodata             const    0x080075e4   0x20c  fontes.o [1]
  .rodata             const    0x080077f0   0x178  fontes.o [1]
  .rodata             const    0x08007968   0x15c  fontes.o [1]
  .text               ro code  0x08007ac4    0x68  system_stm32f1xx.o [1]
  .rodata             const    0x08007b2c    0x50  adc.o [1]
  .rodata             const    0x08007b7c    0x50  i2c.o [1]
  .rodata             const    0x08007bcc    0x50  main.o [1]
  .rodata             const    0x08007c1c    0x50  rtc.o [1]
  .rodata             const    0x08007c6c    0x50  spi.o [1]
  .rodata             const    0x08007cbc    0x50  usart.o [1]
  .text               ro code  0x08007d0c    0x44  stm32f1xx_it.o [1]
  .text               ro code  0x08007d50    0x40  zero_init3.o [5]
  .text               ro code  0x08007d90    0x38  packbits_init_single.o [5]
  .rodata             const    0x08007dc8    0x2c  fontes.o [1]
  .text               ro code  0x08007df4    0x28  data_init.o [5]
  .iar.init_table     const    0x08007e1c    0x20  - Linker created -
  .text               ro code  0x08007e3c    0x1a  cmain.o [5]
  .text               ro code  0x08007e56     0x4  low_level_init.o [3]
  .text               ro code  0x08007e5a     0x4  exit.o [3]
  .text               ro code  0x08007e60     0xa  cexit.o [5]
  .text               ro code  0x08007e6c    0x14  exit.o [6]
  .rodata             const    0x08007e80    0x14  freertos.o [1]
  .rodata             const    0x08007e94    0x10  stm32f1xx_hal_rcc.o [1]
  .rodata             const    0x08007ea4    0x10  stm32f1xx_hal_rcc_ex.o [1]
  .rodata             const    0x08007eb4    0x10  system_stm32f1xx.o [1]
  .text               ro code  0x08007ec4    0x10  startup_stm32f103xb.o [1]
  .rodata             const    0x08007ed4     0xc  freertos.o [1]
  .text               ro code  0x08007ee0     0xc  cstartup_M.o [5]
  .rodata             const    0x08007eec     0x8  freertos.o [1]
  .rodata             const    0x08007ef4     0x8  freertos.o [1]
  .rodata             const    0x08007efc     0x8  freertos.o [1]
  .rodata             const    0x08007f04     0x8  freertos.o [1]
  .rodata             const    0x08007f0c     0x8  freertos.o [1]
  .rodata             const    0x08007f14     0x8  system_stm32f1xx.o [1]
  .rodata             const    0x08007f1c     0x8  tasks.o [1]
  .rodata             const    0x08007f24     0x4  fontes.o [1]
  .rodata             const    0x08007f28     0x4  fontes.o [1]
  .rodata             const    0x08007f2c     0x4  fontes.o [1]
  .rodata             const    0x08007f30     0x4  heap_4.o [1]
  .rodata             const    0x08007f34     0x4  ssd1306.o [1]
  .rodata             const    0x08007f38     0x4  ssd1306.o [1]
  .text               ro code  0x08007f3c     0x4  startup_stm32f103xb.o [1]
  .text               ro code  0x08007f40     0x4  startup_stm32f103xb.o [1]
  .text               ro code  0x08007f44     0x4  startup_stm32f103xb.o [1]
  .text               ro code  0x08007f48     0x4  startup_stm32f103xb.o [1]
  .text               ro code  0x08007f4c     0x4  startup_stm32f103xb.o [1]
  .text               ro code  0x08007f50     0x4  startup_stm32f103xb.o [1]
  .text               ro code  0x08007f54     0x4  startup_stm32f103xb.o [1]
  .text               ro code  0x08007f58     0x4  startup_stm32f103xb.o [1]
  .text               ro code  0x08007f5c     0x4  startup_stm32f103xb.o [1]
  .text               ro code  0x08007f60     0x4  startup_stm32f103xb.o [1]
  .text               ro code  0x08007f64     0x4  startup_stm32f103xb.o [1]
  .text               ro code  0x08007f68     0x4  startup_stm32f103xb.o [1]
  .text               ro code  0x08007f6c     0x4  startup_stm32f103xb.o [1]
  .text               ro code  0x08007f70     0x4  startup_stm32f103xb.o [1]
  .text               ro code  0x08007f74     0x4  startup_stm32f103xb.o [1]
  .text               ro code  0x08007f78     0x4  startup_stm32f103xb.o [1]
  .text               ro code  0x08007f7c     0x4  startup_stm32f103xb.o [1]
  .text               ro code  0x08007f80     0x4  startup_stm32f103xb.o [1]
  .text               ro code  0x08007f84     0x4  startup_stm32f103xb.o [1]
  .text               ro code  0x08007f88     0x4  startup_stm32f103xb.o [1]
  .text               ro code  0x08007f8c     0x4  startup_stm32f103xb.o [1]
  .text               ro code  0x08007f90     0x4  startup_stm32f103xb.o [1]
  .text               ro code  0x08007f94     0x4  startup_stm32f103xb.o [1]
  .text               ro code  0x08007f98     0x4  startup_stm32f103xb.o [1]
  .text               ro code  0x08007f9c     0x4  startup_stm32f103xb.o [1]
  .text               ro code  0x08007fa0     0x4  startup_stm32f103xb.o [1]
  .text               ro code  0x08007fa4     0x4  startup_stm32f103xb.o [1]
  .text               ro code  0x08007fa8     0x4  startup_stm32f103xb.o [1]
  .text               ro code  0x08007fac     0x4  startup_stm32f103xb.o [1]
  .text               ro code  0x08007fb0     0x4  startup_stm32f103xb.o [1]
  .text               ro code  0x08007fb4     0x4  startup_stm32f103xb.o [1]
  .text               ro code  0x08007fb8     0x4  startup_stm32f103xb.o [1]
  .text               ro code  0x08007fbc     0x4  startup_stm32f103xb.o [1]
  .text               ro code  0x08007fc0     0x4  startup_stm32f103xb.o [1]
  .text               ro code  0x08007fc4     0x4  startup_stm32f103xb.o [1]
  .text               ro code  0x08007fc8     0x4  startup_stm32f103xb.o [1]
  .text               ro code  0x08007fcc     0x4  startup_stm32f103xb.o [1]
  .text               ro code  0x08007fd0     0x4  startup_stm32f103xb.o [1]
  .text               ro code  0x08007fd4     0x4  startup_stm32f103xb.o [1]
  .text               ro code  0x08007fd8     0x4  startup_stm32f103xb.o [1]
  .rodata             const    0x08007fdc     0x0  zero_init3.o [5]
  .rodata             const    0x08007fdc     0x0  packbits_init_single.o [5]
  Initializer bytes   const    0x08007fdc    0x38  <for P2-1>
                             - 0x08008014  0x7f28

"P2", part 1 of 3:                          0x128
  P2-1                         0x20000000   0x128  <Init block>
    .data             inited   0x20000000     0x4  fontes.o [1]
    .data             inited   0x20000004     0x4  fontes.o [1]
    .data             inited   0x20000008     0x4  fontes.o [1]
    .data             inited   0x2000000c     0x4  fontes.o [1]
    .data             inited   0x20000010     0x4  fontes.o [1]
    .data             inited   0x20000014     0x4  fontes.o [1]
    .data             inited   0x20000018     0x4  fontes.o [1]
    .data             inited   0x2000001c     0x4  fontes.o [1]
    .data             inited   0x20000020     0x4  fontes.o [1]
    .data             inited   0x20000024     0x4  port.o [1]
    .data             inited   0x20000028     0x4  system_stm32f1xx.o [1]
    __DLIB_PERTHREAD  inited   0x2000002c    0x88  localeconv.o [3]
    __DLIB_PERTHREAD  inited   0x200000b4    0x74  setlocale.o [3]
                             - 0x20000128   0x128

"P2", part 2 of 3:                          0x600
  CSTACK                       0x20000128   0x400  <Block>
    CSTACK            uninit   0x20000128   0x400  <Block tail>
  HEAP                         0x20000528   0x200  <Block>
    HEAP              uninit   0x20000528   0x200  <Block tail>
                             - 0x20000728   0x600

"P2", part 3 of 3:                         0x1340
  .bss                zero     0x20000728   0xc00  heap_4.o [1]
  .bss                zero     0x20001328   0x400  ssd1306.o [1]
  .bss                zero     0x20001728    0x8c  tasks.o [1]
  .bss                zero     0x200017b4    0x58  spi.o [1]
  .bss                zero     0x2000180c    0x54  i2c.o [1]
  .bss                zero     0x20001860    0x44  adc.o [1]
  .bss                zero     0x200018a4    0x40  usart.o [1]
  .bss                zero     0x200018e4    0x40  usart.o [1]
  .bss                zero     0x20001924    0x30  adc.o [1]
  .bss                zero     0x20001954    0x14  main.o [1]
  .bss                zero     0x20001968    0x14  rtc.o [1]
  .bss                zero     0x2000197c    0x14  tasks.o [1]
  .bss                zero     0x20001990    0x14  tasks.o [1]
  .bss                zero     0x200019a4    0x14  tasks.o [1]
  .bss                zero     0x200019b8    0x14  tasks.o [1]
  .bss                zero     0x200019cc    0x14  tasks.o [1]
  .bss                zero     0x200019e0     0xc  freertos.o [1]
  .bss                zero     0x200019ec     0x8  heap_4.o [1]
  .bss                zero     0x200019f4     0x8  xxmemxmalloc.o [3]
  .bss                zero     0x200019fc     0x4  freertos.o [1]
  .bss                zero     0x20001a00     0x4  freertos.o [1]
  .bss                zero     0x20001a04     0x4  freertos.o [1]
  .bss                zero     0x20001a08     0x4  freertos.o [1]
  .bss                zero     0x20001a0c     0x4  heap_4.o [1]
  .bss                zero     0x20001a10     0x4  heap_4.o [1]
  .bss                zero     0x20001a14     0x4  heap_4.o [1]
  .bss                zero     0x20001a18     0x4  heap_4.o [1]
  .bss                zero     0x20001a1c     0x4  port.o [1]
  .bss                zero     0x20001a20     0x4  stm32f1xx_hal.o [1]
  .bss                zero     0x20001a24     0x4  tasks.o [1]
  .bss                zero     0x20001a28     0x4  tasks.o [1]
  .bss                zero     0x20001a2c     0x4  tasks.o [1]
  .bss                zero     0x20001a30     0x4  tasks.o [1]
  .bss                zero     0x20001a34     0x4  tasks.o [1]
  .bss                zero     0x20001a38     0x4  tasks.o [1]
  .bss                zero     0x20001a3c     0x4  tasks.o [1]
  .bss                zero     0x20001a40     0x4  tasks.o [1]
  .bss                zero     0x20001a44     0x4  tasks.o [1]
  .bss                zero     0x20001a48     0x4  tasks.o [1]
  .bss                zero     0x20001a4c     0x4  tasks.o [1]
  .bss                zero     0x20001a50     0x4  tasks.o [1]
  .bss                zero     0x20001a54     0x4  tasks.o [1]
  .bss                zero     0x20001a58     0x4  tasks.o [1]
  .bss                zero     0x20001a5c     0x4  tasks.o [1]
  .bss                zero     0x20001a60     0x4  xgetmemchunk.o [3]
  .bss                zero     0x20001a64     0x1  port.o [1]
                             - 0x20001a65  0x133d


*******************************************************************************
*** INIT TABLE
***

          Address     Size
          -------     ----
Zero (__iar_zero_init3)
    1 destination range, total size 0x133d:
          0x20000728  0x133d

Copy/packbits (__iar_packbits_init_single3)
    1 source range, total size 0x38 (18% of destination):
          0x08007fdc    0x38
    1 destination range, total size 0x128:
          0x20000000   0x128



*******************************************************************************
*** MODULE SUMMARY
***

    Module                  ro code  ro data  rw data
    ------                  -------  -------  -------
C:\Users\William Trevine\Documents\GitHub\FIRMWARE-CUBO-PROTOBOARD\EWARM\CUBO\Obj: [1]
    adc.o                       320       80      116
    cmsis_os.o                  118
    dma.o                        48
    fontes.o                           3 866       36
    freertos.o                  384       72       28
    gpio.o                      224
    heap_4.o                    640        4    3 096
    i2c.o                       164       80       84
    list.o                      158
    main.o                      262       80       20
    port.o                      420        1        9
    portasm.o                   136
    rtc.o                       232       80       20
    spi.o                       184       80       88
    ssd1306.o                 1 344        8    1 024
    startup_stm32f103xb.o       412
    stm32f1xx_hal.o             100                 4
    stm32f1xx_hal_adc.o       1 382
    stm32f1xx_hal_adc_ex.o      240
    stm32f1xx_hal_cortex.o      348
    stm32f1xx_hal_dma.o         896
    stm32f1xx_hal_gpio.o        784
    stm32f1xx_hal_i2c.o       2 074
    stm32f1xx_hal_msp.o         152
    stm32f1xx_hal_pwr.o          12
    stm32f1xx_hal_rcc.o       1 772       18
    stm32f1xx_hal_rcc_ex.o      580       18
    stm32f1xx_hal_rtc.o       1 244
    stm32f1xx_hal_rtc_ex.o       52
    stm32f1xx_hal_spi.o         648
    stm32f1xx_hal_spi_ex.o      138
    stm32f1xx_hal_uart.o      1 240
    stm32f1xx_it.o               68
    system_stm32f1xx.o          104       25        4
    tasks.o                   1 992        8      300
    usart.o                     368       80      128
    -------------------------------------------------
    Total:                   19 240    4 500    4 957

command line: [2]
    -------------------------------------------------
    Total:

dl7M_tlf.a: [3]
    div.o                        14
    exit.o                        4
    localeconv.o                108       26      136
    low_level_init.o              4
    setlocale.o                  20       22      116
    sprintf.o                    52
    xencoding_sb.o               96
    xgetmemchunk.o               44                 4
    xmbcurmax.o                  10
    xmbtowc.o                    32
    xprintffull.o             4 454
    xsprout.o                    10
    xtls.o                        2
    xwctomb.o                    26
    xxmemxfree.o                128
    xxmemxmalloc.o              176                 8
    -------------------------------------------------
    Total:                    5 180       48      264

m7M_tl.a: [4]
    DblAdd.o                    212
    DblCmpGe.o                   46
    DblCmpLe.o                   46
    DblDiv.o                    598
    DblMul.o                    418
    DblSub.o                    384
    DblToFlt.o                  144
    DblToI32.o                   88
    FltDiv.o                    252
    FltMul.o                    216
    FltToDbl.o                   78
    I32ToDbl.o                   48
    I32ToFlt.o                   30
    xdnorm.o                     66
    xdscale.o                   268
    -------------------------------------------------
    Total:                    2 894

rt7M_tl.a: [5]
    ABImemcpy_unaligned.o       118
    ABImemset.o                 102
    I64DivMod.o                 238
    I64DivZer.o                   2
    cexit.o                      10
    cmain.o                      26
    cstartup_M.o                 12
    data_init.o                  40
    memchr.o                     88
    packbits_init_single.o       56
    strchr.o                     22
    strlen.o                     54
    zero_init3.o                 64
    -------------------------------------------------
    Total:                      832

shb_l.a: [6]
    exit.o                       20
    -------------------------------------------------
    Total:                       20

    Gaps                         42
    Linker created                        32    1 536
-----------------------------------------------------
    Grand Total:             28 208    4 580    6 757


*******************************************************************************
*** ENTRY LIST
***

Entry                      Address   Size  Type      Object
-----                      -------   ----  ----      ------
.iar.init_table$$Base   0x08007e1c          --   Gb  - Linker created -
.iar.init_table$$Limit  0x08007e3c          --   Gb  - Linker created -
?main                   0x08007e3d         Code  Gb  cmain.o [5]
ADC_ConversionStop_Disable
                        0x080045d1   0x4a  Code  Gb  stm32f1xx_hal_adc.o [1]
ADC_DMAConvCplt         0x0800461d   0x52  Code  Gb  stm32f1xx_hal_adc.o [1]
ADC_DMAError            0x08004681   0x1e  Code  Gb  stm32f1xx_hal_adc.o [1]
ADC_DMAHalfConvCplt     0x08004671    0xe  Code  Gb  stm32f1xx_hal_adc.o [1]
ADC_Enable              0x08004541   0x6e  Code  Gb  stm32f1xx_hal_adc.o [1]
AHBPrescTable           0x08007eb4   0x10  Data  Gb  system_stm32f1xx.o [1]
APBPrescTable           0x08007f14    0x8  Data  Gb  system_stm32f1xx.o [1]
BusFault_Handler        0x08007d13    0x2  Code  Gb  stm32f1xx_it.o [1]
CSTACK$$Base            0x20000128          --   Gb  - Linker created -
CSTACK$$Limit           0x20000528          --   Gb  - Linker created -
CS_active               0x08003b09   0x4e  Code  Lc  ssd1306.o [1]
DMA1_Channel1_IRQHandler
                        0x08007d25    0xa  Code  Gb  stm32f1xx_it.o [1]
DMA_SetConfig           0x08004e31   0x2c  Code  Lc  stm32f1xx_hal_dma.o [1]
DebugMon_Handler        0x08007d17    0x2  Code  Gb  stm32f1xx_it.o [1]
HAL_ADCEx_Calibration_Start
                        0x08004049   0xec  Code  Gb  stm32f1xx_hal_adc_ex.o [1]
HAL_ADC_ConfigChannel   0x080043f7  0x14a  Code  Gb  stm32f1xx_hal_adc.o [1]
HAL_ADC_ConvCpltCallback
                        0x080043f1    0x2  Code  Wk  stm32f1xx_hal_adc.o [1]
HAL_ADC_ConvHalfCpltCallback
                        0x080043f3    0x2  Code  Wk  stm32f1xx_hal_adc.o [1]
HAL_ADC_ErrorCallback   0x080043f5    0x2  Code  Wk  stm32f1xx_hal_adc.o [1]
HAL_ADC_Init            0x08004139  0x148  Code  Gb  stm32f1xx_hal_adc.o [1]
HAL_ADC_MspInit         0x08003755   0x88  Code  Gb  adc.o [1]
HAL_ADC_Start_DMA       0x08004281  0x170  Code  Gb  stm32f1xx_hal_adc.o [1]
HAL_DMA_Abort_IT        0x08004bed   0xb4  Code  Gb  stm32f1xx_hal_dma.o [1]
HAL_DMA_IRQHandler      0x08004ca1  0x16a  Code  Gb  stm32f1xx_hal_dma.o [1]
HAL_DMA_Init            0x08004add   0x78  Code  Gb  stm32f1xx_hal_dma.o [1]
HAL_DMA_Start_IT        0x08004b55   0x98  Code  Gb  stm32f1xx_hal_dma.o [1]
HAL_GPIO_Init           0x080030a5  0x2ba  Code  Gb  stm32f1xx_hal_gpio.o [1]
HAL_GPIO_WritePin       0x0800335f   0x14  Code  Gb  stm32f1xx_hal_gpio.o [1]
HAL_GetTick             0x08002f8b    0x6  Code  Wk  stm32f1xx_hal.o [1]
HAL_I2C_Init            0x08001f8d  0x128  Code  Gb  stm32f1xx_hal_i2c.o [1]
HAL_I2C_Master_Transmit
                        0x080020b5  0x188  Code  Gb  stm32f1xx_hal_i2c.o [1]
HAL_I2C_Mem_Write       0x0800224d  0x18e  Code  Gb  stm32f1xx_hal_i2c.o [1]
HAL_I2C_MspInit         0x080027f7   0x3e  Code  Gb  i2c.o [1]
HAL_IncTick             0x08002f7f    0xc  Code  Wk  stm32f1xx_hal.o [1]
HAL_Init                0x08002f39   0x22  Code  Gb  stm32f1xx_hal.o [1]
HAL_InitTick            0x08002f5b   0x24  Code  Wk  stm32f1xx_hal.o [1]
HAL_MspInit             0x08003511   0x98  Code  Gb  stm32f1xx_hal_msp.o [1]
HAL_NVIC_EnableIRQ      0x080034b7    0xe  Code  Gb  stm32f1xx_hal_cortex.o [1]
HAL_NVIC_SetPriority    0x08003491   0x26  Code  Gb  stm32f1xx_hal_cortex.o [1]
HAL_NVIC_SetPriorityGrouping
                        0x08003485    0xc  Code  Gb  stm32f1xx_hal_cortex.o [1]
HAL_PWR_EnableBkUpAccess
                        0x080058d1    0x8  Code  Gb  stm32f1xx_hal_pwr.o [1]
HAL_RCCEx_GetPeriphCLKFreq
                        0x080049a5  0x10a  Code  Gb  stm32f1xx_hal_rcc_ex.o [1]
HAL_RCCEx_PeriphCLKConfig
                        0x08004899  0x10c  Code  Gb  stm32f1xx_hal_rcc_ex.o [1]
HAL_RCC_ClockConfig     0x08002ca3  0x182  Code  Gb  stm32f1xx_hal_rcc.o [1]
HAL_RCC_GetHCLKFreq     0x08002e9b    0x6  Code  Gb  stm32f1xx_hal_rcc.o [1]
HAL_RCC_GetPCLK1Freq    0x08002ea1   0x16  Code  Gb  stm32f1xx_hal_rcc.o [1]
HAL_RCC_GetPCLK2Freq    0x08002eb7   0x16  Code  Gb  stm32f1xx_hal_rcc.o [1]
HAL_RCC_GetSysClockFreq
                        0x08002e25   0x76  Code  Gb  stm32f1xx_hal_rcc.o [1]
HAL_RCC_OscConfig       0x0800284d  0x456  Code  Gb  stm32f1xx_hal_rcc.o [1]
HAL_RTCEx_BKUPRead      0x080058b1   0x1a  Code  Gb  stm32f1xx_hal_rtc_ex.o [1]
HAL_RTCEx_BKUPWrite     0x0800589d   0x14  Code  Gb  stm32f1xx_hal_rtc_ex.o [1]
HAL_RTC_Init            0x080053c1   0xe6  Code  Gb  stm32f1xx_hal_rtc.o [1]
HAL_RTC_MspInit         0x08003ac1   0x32  Code  Gb  rtc.o [1]
HAL_RTC_SetDate         0x08005581   0xea  Code  Gb  stm32f1xx_hal_rtc.o [1]
HAL_RTC_SetTime         0x080054a7   0xda  Code  Gb  stm32f1xx_hal_rtc.o [1]
HAL_RTC_WaitForSynchro  0x08005679   0x3c  Code  Gb  stm32f1xx_hal_rtc.o [1]
HAL_SPI_Init            0x08004e5d   0x8a  Code  Gb  stm32f1xx_hal_spi_ex.o [1]
HAL_SPI_MspInit         0x0800385d   0x40  Code  Gb  spi.o [1]
HAL_SPI_Transmit        0x080058dd  0x1ba  Code  Gb  stm32f1xx_hal_spi.o [1]
HAL_SYSTICK_CLKSourceConfig
                        0x080034d1   0x20  Code  Gb  stm32f1xx_hal_cortex.o [1]
HAL_SYSTICK_Config      0x080034c5    0xc  Code  Gb  stm32f1xx_hal_cortex.o [1]
HAL_UART_ErrorCallback  0x080050a9    0x2  Code  Wk  stm32f1xx_hal_uart.o [1]
HAL_UART_IRQHandler     0x08004f5f  0x146  Code  Gb  stm32f1xx_hal_uart.o [1]
HAL_UART_Init           0x08004ee9   0x76  Code  Gb  stm32f1xx_hal_uart.o [1]
HAL_UART_MspInit        0x08003941   0xc0  Code  Gb  usart.o [1]
HAL_UART_RxCpltCallback
                        0x080050a7    0x2  Code  Wk  stm32f1xx_hal_uart.o [1]
HAL_UART_TxCpltCallback
                        0x080050a5    0x2  Code  Wk  stm32f1xx_hal_uart.o [1]
HEAP$$Base              0x20000528          --   Gb  - Linker created -
HEAP$$Limit             0x20000728          --   Gb  - Linker created -
HardFault_Handler       0x08007d0f    0x2  Code  Gb  stm32f1xx_it.o [1]
I2C_IsAcknowledgeFailed
                        0x08002779   0x2e  Code  Lc  stm32f1xx_hal_i2c.o [1]
I2C_MasterRequestWrite  0x080023e5   0xd0  Code  Lc  stm32f1xx_hal_i2c.o [1]
I2C_RequestMemoryWrite  0x080024b5   0xec  Code  Lc  stm32f1xx_hal_i2c.o [1]
I2C_WaitOnBTFFlagUntilTimeout
                        0x08002727   0x52  Code  Lc  stm32f1xx_hal_i2c.o [1]
I2C_WaitOnFlagUntilTimeout
                        0x080025ad   0x88  Code  Lc  stm32f1xx_hal_i2c.o [1]
I2C_WaitOnMasterAddressFlagUntilTimeout
                        0x08002635   0xa0  Code  Lc  stm32f1xx_hal_i2c.o [1]
I2C_WaitOnTXEFlagUntilTimeout
                        0x080026d5   0x52  Code  Lc  stm32f1xx_hal_i2c.o [1]
LoadInt                 0x0800073b   0x6e  Code  Lc  xprintffull.o [3]
MX_ADC1_Init            0x080036b9   0x9c  Code  Gb  adc.o [1]
MX_DMA_Init             0x08003689   0x30  Code  Gb  dma.o [1]
MX_FREERTOS_Init        0x080046a1   0x1e  Code  Gb  freertos.o [1]
MX_GPIO_Init            0x080035a9   0xe0  Code  Gb  gpio.o [1]
MX_I2C1_Init            0x080027a9   0x4e  Code  Gb  i2c.o [1]
MX_RTC_Init             0x08003a21   0xa0  Code  Gb  rtc.o [1]
MX_SPI2_Init            0x080037f9   0x64  Code  Gb  spi.o [1]
MX_USART2_UART_Init     0x080038b1   0x48  Code  Gb  usart.o [1]
MX_USART3_UART_Init     0x080038f9   0x48  Code  Gb  usart.o [1]
MemManage_Handler       0x08007d11    0x2  Code  Gb  stm32f1xx_it.o [1]
NMI_Handler             0x08007d0d    0x2  Code  Gb  stm32f1xx_it.o [1]
NVIC_EnableIRQ          0x080033dd   0x14  Code  Lc  stm32f1xx_hal_cortex.o [1]
NVIC_EncodePriority     0x08003417   0x3e  Code  Lc  stm32f1xx_hal_cortex.o [1]
NVIC_GetPriorityGrouping
                        0x080033d3    0xa  Code  Lc  stm32f1xx_hal_cortex.o [1]
NVIC_SetPriority        0x080033f1   0x26  Code  Lc  stm32f1xx_hal_cortex.o [1]
NVIC_SetPriorityGrouping
                        0x080033b5   0x1e  Code  Lc  stm32f1xx_hal_cortex.o [1]
PendSV_Handler          0x08006b61         Code  Gb  portasm.o [1]
RCC_Delay               0x08002ecd   0x26  Code  Lc  stm32f1xx_hal_rcc.o [1]
RTC_Bcd2ToByte          0x080057ed   0x1c  Code  Lc  stm32f1xx_hal_rtc.o [1]
RTC_EnterInitMode       0x08005785   0x34  Code  Lc  stm32f1xx_hal_rtc.o [1]
RTC_ExitInitMode        0x080057b9   0x34  Code  Lc  stm32f1xx_hal_rtc.o [1]
RTC_ReadAlarmCounter    0x08005731   0x1c  Code  Lc  stm32f1xx_hal_rtc.o [1]
RTC_ReadTimeCounter     0x080056b5   0x44  Code  Lc  stm32f1xx_hal_rtc.o [1]
RTC_WeekDayNum          0x08005809   0x94  Code  Lc  stm32f1xx_hal_rtc.o [1]
RTC_WriteAlarmCounter   0x0800574d   0x38  Code  Lc  stm32f1xx_hal_rtc.o [1]
RTC_WriteTimeCounter    0x080056f9   0x38  Code  Lc  stm32f1xx_hal_rtc.o [1]
Region$$Table$$Base     0x08007e1c          --   Gb  - Linker created -
Region$$Table$$Limit    0x08007e3c          --   Gb  - Linker created -
SPI_CheckFlag_BSY       0x08005b39   0x2c  Code  Lc  stm32f1xx_hal_spi.o [1]
SPI_WaitFlagStateUntilTimeout
                        0x08005a97   0xa2  Code  Lc  stm32f1xx_hal_spi.o [1]
SVC_Handler             0x08006ba7         Code  Gb  portasm.o [1]
StartDefaultTask        0x080046bf  0x122  Code  Gb  freertos.o [1]
SysTick_Config          0x08003455   0x30  Code  Lc  stm32f1xx_hal_cortex.o [1]
SysTick_Handler         0x08007d19    0xc  Code  Gb  stm32f1xx_it.o [1]
SystemClock_Config      0x08002fe5   0xae  Code  Gb  main.o [1]
SystemCoreClock         0x20000028    0x4  Data  Gb  system_stm32f1xx.o [1]
SystemInit              0x08007ac5   0x4e  Code  Gb  system_stm32f1xx.o [1]
UART_DMAAbortOnError    0x080050cd   0x16  Code  Lc  stm32f1xx_hal_uart.o [1]
UART_EndRxTransfer      0x080050ab   0x20  Code  Lc  stm32f1xx_hal_uart.o [1]
UART_EndTransmit_IT     0x08005153   0x20  Code  Lc  stm32f1xx_hal_uart.o [1]
UART_Receive_IT         0x08005173   0xac  Code  Lc  stm32f1xx_hal_uart.o [1]
UART_SetConfig          0x0800521f  0x198  Code  Lc  stm32f1xx_hal_uart.o [1]
UART_Transmit_IT        0x080050e5   0x6e  Code  Lc  stm32f1xx_hal_uart.o [1]
USART2_IRQHandler       0x08007d2f    0xa  Code  Gb  stm32f1xx_it.o [1]
USART3_IRQHandler       0x08007d39    0xa  Code  Gb  stm32f1xx_it.o [1]
UsageFault_Handler      0x08007d15    0x2  Code  Gb  stm32f1xx_it.o [1]
_EncodingSb_Mbtowc      0x08001e3f   0x30  Code  Gb  xencoding_sb.o [3]
_EncodingSb_Wctomb      0x08001e25   0x1a  Code  Gb  xencoding_sb.o [3]
_Error_Handler          0x080030a1    0x2  Code  Gb  main.o [1]
_GenldFull              0x08000fbf  0x24c  Code  Lc  xprintffull.o [3]
_IsdstStr               0x200000b8    0x4  Data  Gb  setlocale.o [3]
_LdtobFull              0x08000bbd  0x3fc  Code  Lc  xprintffull.o [3]
_LitobFull              0x08000ab5  0x106  Code  Lc  xprintffull.o [3]
_LocaleEncoding         0x08001e11    0xe  Code  Gb  setlocale.o [3]
_LocaleReturnString     0x200000d8   0x50  Data  Lc  setlocale.o [3]
_Locale_Profile         0x200000bc   0x1c  Data  Gb  setlocale.o [3]
_Locale_aeabi_lconv     0x2000007c   0x38  Data  Gb  localeconv.o [3]
_Locale_lconv           0x2000002c   0x50  Data  Gb  localeconv.o [3]
_Mbtowc                 0x08001253   0x20  Code  Gb  xmbtowc.o [3]
_PrintfFull             0x080000ed  0x638  Code  Gb  xprintffull.o [3]
_PutcharsFull           0x0800120b   0x2e  Code  Lc  xprintffull.o [3]
_PutstrFull             0x080007a9  0x306  Code  Lc  xprintffull.o [3]
_SProut                 0x08001273    0xa  Code  Gb  xsprout.o [3]
_TzoneStr               0x200000b4    0x4  Data  Gb  setlocale.o [3]
_Wctomb                 0x080013e1   0x1a  Code  Gb  xwctomb.o [3]
__aeabi_cdcmple         0x08001625         Code  Gb  DblCmpLe.o [4]
__aeabi_cdrcmple        0x08001655         Code  Gb  DblCmpGe.o [4]
__aeabi_d2f             0x08005c3d         Code  Gb  DblToFlt.o [4]
__aeabi_d2iz            0x08001791         Code  Gb  DblToI32.o [4]
__aeabi_d2uiz           0x080017bd         Code  Gb  DblToI32.o [4]
__aeabi_ddiv            0x08001b3d         Code  Gb  DblDiv.o [4]
__aeabi_dmul            0x08001999         Code  Gb  DblMul.o [4]
__aeabi_dsub            0x08001819         Code  Gb  DblSub.o [4]
__aeabi_f2d             0x08005bed         Code  Gb  FltToDbl.o [4]
__aeabi_fdiv            0x08005da5         Code  Gb  FltDiv.o [4]
__aeabi_fmul            0x08005ccd         Code  Gb  FltMul.o [4]
__aeabi_i2d             0x080017e9         Code  Gb  I32ToDbl.o [4]
__aeabi_ldiv0           0x08001eb1         Code  Gb  I64DivZer.o [5]
__aeabi_memset          0x08005b65         Code  Gb  ABImemset.o [5]
__aeabi_ui2d            0x080017fd         Code  Gb  I32ToDbl.o [4]
__aeabi_ui2f            0x08005bcd         Code  Gb  I32ToFlt.o [4]
__aeabi_uldivmod        0x080014f5         Code  Gb  I64DivMod.o [5]
__cmain                 0x08007e3d         Code  Gb  cmain.o [5]
__data_Aldata           0x200019f4    0x8  Data  Gb  xxmemxmalloc.o [3]
__data_GetMemChunk      0x08001e85   0x2c  Code  Gb  xgetmemchunk.o [3]
__exit                  0x08007e6d   0x14  Code  Gb  exit.o [6]
__iar_Dnorm             0x080015e3   0x42  Code  Gb  xdnorm.o [4]
__iar_Dscale            0x08001685  0x10c  Code  Gb  xdscale.o [4]
__iar_Locale_lconv_init
                        0x08001d95   0x3a  Code  Gb  localeconv.o [3]
__iar_Mbcurmax          0x08001325    0xa  Code  Gb  xmbcurmax.o [3]
__iar_Memchr            0x080012cd         Code  Gb  memchr.o [5]
__iar_Memset            0x08005b65         Code  Gb  ABImemset.o [5]
__iar_Memset_word       0x08005b6d         Code  Gb  ABImemset.o [5]
__iar_Strchr            0x0800127d         Code  Gb  strchr.o [5]
__iar_d2uiz             0x080017c9         Code  Gb  DblToI32.o [4]
__iar_dadd              0x08001eb5         Code  Gb  DblAdd.o [4]
__iar_data_init3        0x08007df5   0x28  Code  Gb  data_init.o [5]
__iar_dlib_perthread_access
                        0x08001f89    0x2  Code  Gb  xtls.o [3]
__iar_dsub              0x0800182d         Code  Gb  DblSub.o [4]
__iar_dsubStart         0x0800183f         Code  Gb  DblSub.o [4]
__iar_packbits_init_single3
                        0x08007d91   0x38  Code  Gb  packbits_init_single.o [5]
__iar_program_start     0x08007ee1         Code  Gb  cstartup_M.o [5]
__iar_ui2d              0x08001801         Code  Gb  I32ToDbl.o [4]
__iar_ui2f              0x08005bd1         Code  Gb  I32ToFlt.o [4]
__iar_unaligned___aeabi_memcpy
                        0x080013fd         Code  Gb  ABImemcpy_unaligned.o [5]
__iar_unaligned___aeabi_memcpy4
                        0x0800141d         Code  Gb  ABImemcpy_unaligned.o [5]
__iar_unaligned___aeabi_memcpy8
                        0x0800141d         Code  Gb  ABImemcpy_unaligned.o [5]
__iar_zero_init3        0x08007d51   0x40  Code  Gb  zero_init3.o [5]
__low_level_init        0x08007e57    0x4  Code  Gb  low_level_init.o [3]
__vector_table          0x08000000         Data  Gb  startup_stm32f103xb.o [1]
_call_main              0x08007e49         Code  Gb  cmain.o [5]
_exit                   0x08007e61         Code  Gb  cexit.o [5]
_main                   0x08007e53         Code  Gb  cmain.o [5]
buffer                  0x200019e0    0xc  Data  Gb  freertos.o [1]
buffer_display          0x20001328  0x400  Data  Gb  ssd1306.o [1]
defaultTaskHandle       0x200019fc    0x4  Data  Gb  freertos.o [1]
div                     0x08001e01    0xe  Code  Gb  div.o [3]
exit                    0x08007e5b    0x4  Code  Gb  exit.o [3]
font_1_bitmap           0x20000000    0x4  Data  Gb  fontes.o [1]
font_1_descriptors      0x20000004    0x4  Data  Gb  fontes.o [1]
font_1_info             0x20000008    0x4  Data  Gb  fontes.o [1]
font_2_bitmap           0x2000000c    0x4  Data  Gb  fontes.o [1]
font_2_descriptors      0x20000010    0x4  Data  Gb  fontes.o [1]
font_2_info             0x20000014    0x4  Data  Gb  fontes.o [1]
font_3_bitmap           0x20000018    0x4  Data  Gb  fontes.o [1]
font_3_descriptors      0x2000001c    0x4  Data  Gb  fontes.o [1]
font_3_info             0x20000020    0x4  Data  Gb  fontes.o [1]
free                    0x08001475   0x7a  Code  Gb  xxmemxfree.o [3]
giantRobotArmyMed_16ptBitmaps
                        0x08007968  0x15c  Data  Gb  fontes.o [1]
giantRobotArmyMed_16ptDescriptors
                        0x080075e4  0x20c  Data  Gb  fontes.o [1]
giantRobotArmyMed_16ptFontInfo
                        0x08007f28    0x4  Data  Gb  fontes.o [1]
giantRobotArmyMed_24ptBitmaps
                        0x080073a0  0x244  Data  Gb  fontes.o [1]
giantRobotArmyMed_24ptDescriptors
                        0x08007dc8   0x2c  Data  Gb  fontes.o [1]
giantRobotArmyMed_24ptFontInfo
                        0x08007f24    0x4  Data  Gb  fontes.o [1]
giantRobotArmyMed_8ptBitmaps
                        0x08006be8  0x464  Data  Gb  fontes.o [1]
giantRobotArmyMed_8ptDescriptors
                        0x080077f0  0x178  Data  Gb  fontes.o [1]
giantRobotArmyMed_8ptFontInfo
                        0x08007f2c    0x4  Data  Gb  fontes.o [1]
hadc1                   0x20001924   0x30  Data  Gb  adc.o [1]
hdma_adc1               0x20001860   0x44  Data  Gb  adc.o [1]
hi2c1                   0x2000180c   0x54  Data  Gb  i2c.o [1]
hrtc                    0x20001968   0x14  Data  Gb  rtc.o [1]
hspi2                   0x200017b4   0x58  Data  Gb  spi.o [1]
huart2                  0x200018a4   0x40  Data  Gb  usart.o [1]
huart3                  0x200018e4   0x40  Data  Gb  usart.o [1]
localeconv              0x08001dcf   0x16  Code  Gb  localeconv.o [3]
main                    0x08002f9d   0x48  Code  Gb  main.o [1]
makeFreeRtosPriority    0x08004821   0x12  Code  Lc  cmsis_os.o [1]
malloc                  0x08001331   0xac  Code  Gb  xxmemxmalloc.o [3]
memchr                  0x080012cd         Code  Gb  memchr.o [5]
opala                   0x0800704c  0x354  Data  Gb  fontes.o [1]
osDelay                 0x0800486b   0x1c  Code  Gb  cmsis_os.o [1]
osKernelStart           0x08004833    0xa  Code  Gb  cmsis_os.o [1]
osSystickHandler        0x08004887   0x10  Code  Gb  cmsis_os.o [1]
osThreadCreate          0x0800483d   0x2e  Code  Gb  cmsis_os.o [1]
prvAddCurrentTaskToDelayedList
                        0x080065d9   0x82  Code  Lc  tasks.o [1]
prvAddNewTaskToReadyList
                        0x08006021   0xb8  Code  Lc  tasks.o [1]
prvCheckTasksWaitingTermination
                        0x080064d9   0x66  Code  Lc  tasks.o [1]
prvDeleteTCB            0x0800653f   0x12  Code  Lc  tasks.o [1]
prvHeapInit             0x080069d1   0x6e  Code  Lc  heap_4.o [1]
prvIdleTask             0x08006455   0x24  Code  Lc  tasks.o [1]
prvInitialiseNewTask    0x08005f59   0xc8  Code  Lc  tasks.o [1]
prvInitialiseTaskLists  0x0800647d   0x54  Code  Lc  tasks.o [1]
prvInsertBlockIntoFreeList
                        0x08006a3f   0x62  Code  Lc  heap_4.o [1]
prvResetNextTaskUnblockTime
                        0x08006551   0x2e  Code  Lc  tasks.o [1]
prvTaskExitError        0x080066bd   0x2a  Code  Lc  port.o [1]
pvPortMalloc            0x08006841  0x118  Code  Gb  heap_4.o [1]
pxCurrentTCB            0x20001a24    0x4  Data  Gb  tasks.o [1]
pxDelayedTaskList       0x20001a28    0x4  Data  Lc  tasks.o [1]
pxEnd                   0x20001a0c    0x4  Data  Lc  heap_4.o [1]
pxOverflowDelayedTaskList
                        0x20001a2c    0x4  Data  Lc  tasks.o [1]
pxPortInitialiseStack   0x0800669d   0x20  Code  Gb  port.o [1]
pxReadyTasksLists       0x20001728   0x8c  Data  Lc  tasks.o [1]
sprintf                 0x08005ea1   0x34  Code  Gb  sprintf.o [3]
ssd1306_clear_display   0x08003bb7   0x18  Code  Gb  ssd1306.o [1]
ssd1306_init            0x08003bcf   0x9c  Code  Gb  ssd1306.o [1]
ssd1306_send_command    0x08003b57   0x60  Code  Gb  ssd1306.o [1]
ssd1306_write_display   0x08003c6b  0x114  Code  Gb  ssd1306.o [1]
ssd1306_write_image     0x08003f6f   0x9a  Code  Gb  ssd1306.o [1]
ssd1306_write_text      0x08003d7f  0x1f0  Code  Gb  ssd1306.o [1]
strchr                  0x0800127d         Code  Gb  strchr.o [5]
strlen                  0x08001295         Code  Gb  strlen.o [5]
temp_int                0x20001a08    0x4  Data  Gb  freertos.o [1]
temp_lm35               0x20001a00    0x4  Data  Gb  freertos.o [1]
temperatura             0x20001954   0x14  Data  Gb  main.o [1]
ucHeap                  0x20000728  0xc00  Data  Lc  heap_4.o [1]
ucMaxSysCallPriority    0x20001a64    0x1  Data  Lc  port.o [1]
ulMaxPRIGROUPValue      0x20001a1c    0x4  Data  Lc  port.o [1]
uwTick                  0x20001a20    0x4  Data  Gb  stm32f1xx_hal.o [1]
uxCriticalNesting       0x20000024    0x4  Data  Lc  port.o [1]
uxCurrentNumberOfTasks  0x20001a34    0x4  Data  Lc  tasks.o [1]
uxDeletedTasksWaitingCleanUp
                        0x20001a30    0x4  Data  Lc  tasks.o [1]
uxListRemove            0x08006b37   0x28  Code  Gb  list.o [1]
uxPendedTicks           0x20001a44    0x4  Data  Lc  tasks.o [1]
uxSchedulerSuspended    0x20001a5c    0x4  Data  Lc  tasks.o [1]
uxTaskNumber            0x20001a50    0x4  Data  Lc  tasks.o [1]
uxTopReadyPriority      0x20001a3c    0x4  Data  Lc  tasks.o [1]
vListInitialise         0x08006ac1   0x1e  Code  Gb  list.o [1]
vListInitialiseItem     0x08006adf    0x6  Code  Gb  list.o [1]
vListInsert             0x08006afd   0x3a  Code  Gb  list.o [1]
vListInsertEnd          0x08006ae5   0x18  Code  Gb  list.o [1]
vPortEnterCritical      0x0800676f   0x3a  Code  Gb  port.o [1]
vPortExitCritical       0x080067a9   0x32  Code  Gb  port.o [1]
vPortFree               0x08006959   0x78  Code  Gb  heap_4.o [1]
vPortSetupTimerInterrupt
                        0x08006803   0x1a  Code  Wk  port.o [1]
vPortStartFirstTask     0x08006bc7         Code  Gb  portasm.o [1]
vTaskDelay              0x080060d9   0x4e  Code  Gb  tasks.o [1]
vTaskStartScheduler     0x08006127   0x68  Code  Gb  tasks.o [1]
vTaskSuspendAll         0x0800618f   0x10  Code  Gb  tasks.o [1]
vTaskSwitchContext      0x080063d1   0x72  Code  Gb  tasks.o [1]
vref_int                0x20001a04    0x4  Data  Gb  freertos.o [1]
xBlockAllocatedBit      0x20001a18    0x4  Data  Lc  heap_4.o [1]
xDelayedTaskList1       0x2000197c   0x14  Data  Lc  tasks.o [1]
xDelayedTaskList2       0x20001990   0x14  Data  Lc  tasks.o [1]
xFreeBytesRemaining     0x20001a10    0x4  Data  Lc  heap_4.o [1]
xHeapStructSize         0x08007f30    0x4  Data  Lc  heap_4.o [1]
xIdleTaskHandle         0x20001a58    0x4  Data  Lc  tasks.o [1]
xMinimumEverFreeBytesRemaining
                        0x20001a14    0x4  Data  Lc  heap_4.o [1]
xNextTaskUnblockTime    0x20001a54    0x4  Data  Lc  tasks.o [1]
xNumOfOverflows         0x20001a4c    0x4  Data  Lc  tasks.o [1]
xPendingReadyList       0x200019a4   0x14  Data  Lc  tasks.o [1]
xPortStartScheduler     0x080066e7   0x88  Code  Gb  port.o [1]
xPortSysTickHandler     0x080067db   0x28  Code  Gb  port.o [1]
xSchedulerRunning       0x20001a40    0x4  Data  Lc  tasks.o [1]
xStart                  0x200019ec    0x8  Data  Lc  heap_4.o [1]
xSuspendedTaskList      0x200019cc   0x14  Data  Lc  tasks.o [1]
xTaskCreate             0x08005ed5   0x84  Code  Gb  tasks.o [1]
xTaskGetSchedulerState  0x08006585   0x26  Code  Gb  tasks.o [1]
xTaskIncrementTick      0x0800629d  0x134  Code  Gb  tasks.o [1]
xTaskResumeAll          0x0800619f   0xfe  Code  Gb  tasks.o [1]
xTasksWaitingTermination
                        0x200019b8   0x14  Data  Lc  tasks.o [1]
xTickCount              0x20001a38    0x4  Data  Lc  tasks.o [1]
xYieldPending           0x20001a48    0x4  Data  Lc  tasks.o [1]


[1] = C:\Users\William Trevine\Documents\GitHub\FIRMWARE-CUBO-PROTOBOARD\EWARM\CUBO\Obj
[2] = command line
[3] = dl7M_tlf.a
[4] = m7M_tl.a
[5] = rt7M_tl.a
[6] = shb_l.a

  28 208 bytes of readonly  code memory
   4 580 bytes of readonly  data memory
   6 757 bytes of readwrite data memory

Errors: none
Warnings: none
